Component: ARM Compiler 5.06 update 6 (build 750) Tool: armlink [4d35ed]

==============================================================================

Section Cross References

    startup_stm32f103xe.o(RESET) refers to startup_stm32f103xe.o(STACK) for __initial_sp
    startup_stm32f103xe.o(RESET) refers to startup_stm32f103xe.o(.text) for Reset_Handler
    startup_stm32f103xe.o(RESET) refers to stm32f1xx_it.o(i.NMI_Handler) for NMI_Handler
    startup_stm32f103xe.o(RESET) refers to stm32f1xx_it.o(i.HardFault_Handler) for HardFault_Handler
    startup_stm32f103xe.o(RESET) refers to stm32f1xx_it.o(i.MemManage_Handler) for MemManage_Handler
    startup_stm32f103xe.o(RESET) refers to stm32f1xx_it.o(i.BusFault_Handler) for BusFault_Handler
    startup_stm32f103xe.o(RESET) refers to stm32f1xx_it.o(i.UsageFault_Handler) for UsageFault_Handler
    startup_stm32f103xe.o(RESET) refers to stm32f1xx_it.o(i.SVC_Handler) for SVC_Handler
    startup_stm32f103xe.o(RESET) refers to stm32f1xx_it.o(i.DebugMon_Handler) for DebugMon_Handler
    startup_stm32f103xe.o(RESET) refers to stm32f1xx_it.o(i.PendSV_Handler) for PendSV_Handler
    startup_stm32f103xe.o(RESET) refers to stm32f1xx_it.o(i.SysTick_Handler) for SysTick_Handler
    startup_stm32f103xe.o(RESET) refers to stm32f1xx_it.o(i.EXTI0_IRQHandler) for EXTI0_IRQHandler
    startup_stm32f103xe.o(RESET) refers to stm32f1xx_it.o(i.EXTI2_IRQHandler) for EXTI2_IRQHandler
    startup_stm32f103xe.o(RESET) refers to stm32f1xx_it.o(i.EXTI3_IRQHandler) for EXTI3_IRQHandler
    startup_stm32f103xe.o(RESET) refers to stm32f1xx_it.o(i.EXTI4_IRQHandler) for EXTI4_IRQHandler
    startup_stm32f103xe.o(.text) refers to system_stm32f1xx.o(i.SystemInit) for SystemInit
    startup_stm32f103xe.o(.text) refers to entry.o(.ARM.Collect$$$$00000000) for __main
    main.o(i.BEEP_one) refers to stm32f1xx_hal_gpio.o(i.HAL_GPIO_WritePin) for HAL_GPIO_WritePin
    main.o(i.BEEP_one) refers to stm32f1xx_hal.o(i.HAL_Delay) for HAL_Delay
    main.o(i.HAL_GPIO_EXTI_Callback) refers to tetris.o(i.Input) for Input
    main.o(i.HAL_GPIO_EXTI_Callback) refers to main.o(.data) for .data
    main.o(i.SystemClock_Config) refers to memseta.o(.text) for __aeabi_memclr4
    main.o(i.SystemClock_Config) refers to stm32f1xx_hal_rcc.o(i.HAL_RCC_OscConfig) for HAL_RCC_OscConfig
    main.o(i.SystemClock_Config) refers to stm32f1xx_hal_rcc.o(i.HAL_RCC_ClockConfig) for HAL_RCC_ClockConfig
    main.o(i.main) refers to stm32f1xx_hal.o(i.HAL_Init) for HAL_Init
    main.o(i.main) refers to main.o(i.SystemClock_Config) for SystemClock_Config
    main.o(i.main) refers to gpio.o(i.MX_GPIO_Init) for MX_GPIO_Init
    main.o(i.main) refers to fsmc.o(i.MX_FSMC_Init) for MX_FSMC_Init
    main.o(i.main) refers to lcd_header.o(i.LCD_Init) for LCD_Init
    main.o(i.main) refers to tetris.o(i.initalGameArea) for initalGameArea
    main.o(i.main) refers to tetris.o(i.gameSelf) for gameSelf
    main.o(i.main) refers to stm32f1xx_hal.o(i.HAL_Delay) for HAL_Delay
    main.o(i.main) refers to main.o(i.BEEP_one) for BEEP_one
    main.o(i.main) refers to main.o(.data) for .data
    gpio.o(i.MX_GPIO_Init) refers to stm32f1xx_hal_gpio.o(i.HAL_GPIO_WritePin) for HAL_GPIO_WritePin
    gpio.o(i.MX_GPIO_Init) refers to stm32f1xx_hal_gpio.o(i.HAL_GPIO_Init) for HAL_GPIO_Init
    gpio.o(i.MX_GPIO_Init) refers to stm32f1xx_hal_cortex.o(i.HAL_NVIC_SetPriority) for HAL_NVIC_SetPriority
    gpio.o(i.MX_GPIO_Init) refers to stm32f1xx_hal_cortex.o(i.HAL_NVIC_EnableIRQ) for HAL_NVIC_EnableIRQ
    fsmc.o(i.HAL_FSMC_MspInit) refers to stm32f1xx_hal_gpio.o(i.HAL_GPIO_Init) for HAL_GPIO_Init
    fsmc.o(i.HAL_FSMC_MspInit) refers to fsmc.o(.data) for .data
    fsmc.o(i.HAL_SRAM_MspDeInit) refers to stm32f1xx_hal_gpio.o(i.HAL_GPIO_DeInit) for HAL_GPIO_DeInit
    fsmc.o(i.HAL_SRAM_MspDeInit) refers to fsmc.o(.data) for .data
    fsmc.o(i.HAL_SRAM_MspInit) refers to fsmc.o(i.HAL_FSMC_MspInit) for HAL_FSMC_MspInit
    fsmc.o(i.MX_FSMC_Init) refers to memseta.o(.text) for __aeabi_memclr4
    fsmc.o(i.MX_FSMC_Init) refers to stm32f1xx_hal_sram.o(i.HAL_SRAM_Init) for HAL_SRAM_Init
    fsmc.o(i.MX_FSMC_Init) refers to main.o(i.Error_Handler) for Error_Handler
    fsmc.o(i.MX_FSMC_Init) refers to fsmc.o(.bss) for .bss
    stm32f1xx_it.o(i.EXTI0_IRQHandler) refers to stm32f1xx_hal_gpio.o(i.HAL_GPIO_EXTI_IRQHandler) for HAL_GPIO_EXTI_IRQHandler
    stm32f1xx_it.o(i.EXTI2_IRQHandler) refers to stm32f1xx_hal_gpio.o(i.HAL_GPIO_EXTI_IRQHandler) for HAL_GPIO_EXTI_IRQHandler
    stm32f1xx_it.o(i.EXTI3_IRQHandler) refers to stm32f1xx_hal_gpio.o(i.HAL_GPIO_EXTI_IRQHandler) for HAL_GPIO_EXTI_IRQHandler
    stm32f1xx_it.o(i.EXTI4_IRQHandler) refers to stm32f1xx_hal_gpio.o(i.HAL_GPIO_EXTI_IRQHandler) for HAL_GPIO_EXTI_IRQHandler
    stm32f1xx_it.o(i.SysTick_Handler) refers to stm32f1xx_hal.o(i.HAL_IncTick) for HAL_IncTick
    stm32f1xx_ll_fsmc.o(i.FSMC_NAND_GetECC) refers to stm32f1xx_hal.o(i.HAL_GetTick) for HAL_GetTick
[...]
    stm32f1xx_hal_rcc_ex.o(i.HAL_RCCEx_GetPeriphCLKFreq) refers to stm32f1xx_hal_rcc.o(i.HAL_RCC_GetPCLK2Freq) for HAL_RCC_GetPCLK2Freq
    stm32f1xx_hal_rcc_ex.o(i.HAL_RCCEx_GetPeriphCLKFreq) refers to stm32f1xx_hal_rcc.o(i.HAL_RCC_GetSysClockFreq) for HAL_RCC_GetSysClockFreq
    stm32f1xx_hal_rcc_ex.o(i.HAL_RCCEx_PeriphCLKConfig) refers to stm32f1xx_hal.o(i.HAL_GetTick) for HAL_GetTick
    stm32f1xx_hal_gpio.o(i.HAL_GPIO_EXTI_IRQHandler) refers to main.o(i.HAL_GPIO_EXTI_Callback) for HAL_GPIO_EXTI_Callback
    stm32f1xx_hal_dma.o(i.HAL_DMA_PollForTransfer) refers to stm32f1xx_hal.o(i.HAL_GetTick) for HAL_GetTick
    stm32f1xx_hal_dma.o(i.HAL_DMA_Start) refers to stm32f1xx_hal_dma.o(i.DMA_SetConfig) for DMA_SetConfig
    stm32f1xx_hal_dma.o(i.HAL_DMA_Start_IT) refers to stm32f1xx_hal_dma.o(i.DMA_SetConfig) for DMA_SetConfig
    stm32f1xx_hal_cortex.o(i.HAL_NVIC_SetPriority) refers to stm32f1xx_hal_cortex.o(i.__NVIC_SetPriority) for __NVIC_SetPriority
    stm32f1xx_hal_cortex.o(i.HAL_SYSTICK_Config) refers to stm32f1xx_hal_cortex.o(i.__NVIC_SetPriority) for __NVIC_SetPriority
    stm32f1xx_hal_cortex.o(i.HAL_SYSTICK_IRQHandler) refers to stm32f1xx_hal_cortex.o(i.HAL_SYSTICK_Callback) for HAL_SYSTICK_Callback
    stm32f1xx_hal_pwr.o(i.HAL_PWR_EnterSTOPMode) refers to stm32f1xx_hal_pwr.o(i.PWR_OverloadWfe) for PWR_OverloadWfe
    stm32f1xx_hal_pwr.o(i.HAL_PWR_PVD_IRQHandler) refers to stm32f1xx_hal_pwr.o(i.HAL_PWR_PVDCallback) for HAL_PWR_PVDCallback
    stm32f1xx_hal_flash.o(i.FLASH_Program_HalfWord) refers to stm32f1xx_hal_flash.o(.bss) for .bss
    stm32f1xx_hal_flash.o(i.FLASH_SetErrorCode) refers to stm32f1xx_hal_flash.o(.bss) for .bss
    stm32f1xx_hal_flash.o(i.FLASH_WaitForLastOperation) refers to stm32f1xx_hal.o(i.HAL_GetTick) for HAL_GetTick
    stm32f1xx_hal_flash.o(i.FLASH_WaitForLastOperation) refers to stm32f1xx_hal_flash.o(i.FLASH_SetErrorCode) for FLASH_SetErrorCode
    stm32f1xx_hal_flash.o(i.HAL_FLASH_GetError) refers to stm32f1xx_hal_flash.o(.bss) for .bss
    stm32f1xx_hal_flash.o(i.HAL_FLASH_IRQHandler) refers to stm32f1xx_hal_flash.o(i.FLASH_SetErrorCode) for FLASH_SetErrorCode
    stm32f1xx_hal_flash.o(i.HAL_FLASH_IRQHandler) refers to stm32f1xx_hal_flash.o(i.HAL_FLASH_OperationErrorCallback) for HAL_FLASH_OperationErrorCallback
    stm32f1xx_hal_flash.o(i.HAL_FLASH_IRQHandler) refers to stm32f1xx_hal_flash.o(i.FLASH_Program_HalfWord) for FLASH_Program_HalfWord
    stm32f1xx_hal_flash.o(i.HAL_FLASH_IRQHandler) refers to stm32f1xx_hal_flash.o(i.HAL_FLASH_EndOfOperationCallback) for HAL_FLASH_EndOfOperationCallback
    stm32f1xx_hal_flash.o(i.HAL_FLASH_IRQHandler) refers to stm32f1xx_hal_flash_ex.o(i.FLASH_PageErase) for FLASH_PageErase
    stm32f1xx_hal_flash.o(i.HAL_FLASH_IRQHandler) refers to stm32f1xx_hal_flash.o(.bss) for .bss
    stm32f1xx_hal_flash.o(i.HAL_FLASH_OB_Launch) refers to stm32f1xx_hal_cortex.o(i.HAL_NVIC_SystemReset) for HAL_NVIC_SystemReset
    stm32f1xx_hal_flash.o(i.HAL_FLASH_Program) refers to stm32f1xx_hal_flash.o(i.FLASH_WaitForLastOperation) for FLASH_WaitForLastOperation
    stm32f1xx_hal_flash.o(i.HAL_FLASH_Program) refers to llushr.o(.text) for __aeabi_llsr
    stm32f1xx_hal_flash.o(i.HAL_FLASH_Program) refers to stm32f1xx_hal_flash.o(i.FLASH_Program_HalfWord) for FLASH_Program_HalfWord
    stm32f1xx_hal_flash.o(i.HAL_FLASH_Program) refers to stm32f1xx_hal_flash.o(.bss) for .bss
    stm32f1xx_hal_flash.o(i.HAL_FLASH_Program_IT) refers to stm32f1xx_hal_flash.o(i.FLASH_Program_HalfWord) for FLASH_Program_HalfWord
    stm32f1xx_hal_flash.o(i.HAL_FLASH_Program_IT) refers to stm32f1xx_hal_flash.o(.bss) for .bss
    stm32f1xx_hal_flash_ex.o(i.FLASH_MassErase) refers to stm32f1xx_hal_flash.o(.bss) for pFlash
    stm32f1xx_hal_flash_ex.o(i.FLASH_OB_DisableWRP) refers to stm32f1xx_hal_flash.o(i.FLASH_WaitForLastOperation) for FLASH_WaitForLastOperation
    stm32f1xx_hal_flash_ex.o(i.FLASH_OB_DisableWRP) refers to stm32f1xx_hal_flash_ex.o(i.HAL_FLASHEx_OBErase) for HAL_FLASHEx_OBErase
    stm32f1xx_hal_flash_ex.o(i.FLASH_OB_DisableWRP) refers to stm32f1xx_hal_flash.o(.bss) for pFlash
    stm32f1xx_hal_flash_ex.o(i.FLASH_OB_EnableWRP) refers to stm32f1xx_hal_flash.o(i.FLASH_WaitForLastOperation) for FLASH_WaitForLastOperation
    stm32f1xx_hal_flash_ex.o(i.FLASH_OB_EnableWRP) refers to stm32f1xx_hal_flash_ex.o(i.HAL_FLASHEx_OBErase) for HAL_FLASHEx_OBErase
    stm32f1xx_hal_flash_ex.o(i.FLASH_OB_EnableWRP) refers to stm32f1xx_hal_flash.o(.bss) for pFlash
    stm32f1xx_hal_flash_ex.o(i.FLASH_OB_RDP_LevelConfig) refers to stm32f1xx_hal_flash.o(i.FLASH_WaitForLastOperation) for FLASH_WaitForLastOperation
    stm32f1xx_hal_flash_ex.o(i.FLASH_OB_RDP_LevelConfig) refers to stm32f1xx_hal_flash.o(.bss) for pFlash
    stm32f1xx_hal_flash_ex.o(i.FLASH_PageErase) refers to stm32f1xx_hal_flash.o(.bss) for pFlash
    stm32f1xx_hal_flash_ex.o(i.HAL_FLASHEx_Erase) refers to stm32f1xx_hal_flash.o(i.FLASH_WaitForLastOperation) for FLASH_WaitForLastOperation
    stm32f1xx_hal_flash_ex.o(i.HAL_FLASHEx_Erase) refers to stm32f1xx_hal_flash_ex.o(i.FLASH_MassErase) for FLASH_MassErase
    stm32f1xx_hal_flash_ex.o(i.HAL_FLASHEx_Erase) refers to stm32f1xx_hal_flash_ex.o(i.FLASH_PageErase) for FLASH_PageErase
    stm32f1xx_hal_flash_ex.o(i.HAL_FLASHEx_Erase) refers to stm32f1xx_hal_flash.o(.bss) for pFlash
    stm32f1xx_hal_flash_ex.o(i.HAL_FLASHEx_Erase_IT) refers to stm32f1xx_hal_flash_ex.o(i.FLASH_PageErase) for FLASH_PageErase
    stm32f1xx_hal_flash_ex.o(i.HAL_FLASHEx_Erase_IT) refers to stm32f1xx_hal_flash_ex.o(i.FLASH_MassErase) for FLASH_MassErase
    stm32f1xx_hal_flash_ex.o(i.HAL_FLASHEx_Erase_IT) refers to stm32f1xx_hal_flash.o(.bss) for pFlash
    stm32f1xx_hal_flash_ex.o(i.HAL_FLASHEx_OBErase) refers to stm32f1xx_hal_flash_ex.o(i.FLASH_OB_GetRDP) for FLASH_OB_GetRDP
    stm32f1xx_hal_flash_ex.o(i.HAL_FLASHEx_OBErase) refers to stm32f1xx_hal_flash.o(i.FLASH_WaitForLastOperation) for FLASH_WaitForLastOperation
    stm32f1xx_hal_flash_ex.o(i.HAL_FLASHEx_OBErase) refers to stm32f1xx_hal_flash_ex.o(i.FLASH_OB_RDP_LevelConfig) for FLASH_OB_RDP_LevelConfig
    stm32f1xx_hal_flash_ex.o(i.HAL_FLASHEx_OBErase) refers to stm32f1xx_hal_flash.o(.bss) for pFlash
    stm32f1xx_hal_flash_ex.o(i.HAL_FLASHEx_OBGetConfig) refers to stm32f1xx_hal_flash_ex.o(i.FLASH_OB_GetRDP) for FLASH_OB_GetRDP
    stm32f1xx_hal_flash_ex.o(i.HAL_FLASHEx_OBProgram) refers to stm32f1xx_hal_flash_ex.o(i.FLASH_OB_DisableWRP) for FLASH_OB_DisableWRP
    stm32f1xx_hal_flash_ex.o(i.HAL_FLASHEx_OBProgram) refers to stm32f1xx_hal_flash_ex.o(i.FLASH_OB_EnableWRP) for FLASH_OB_EnableWRP
    stm32f1xx_hal_flash_ex.o(i.HAL_FLASHEx_OBProgram) refers to stm32f1xx_hal_flash_ex.o(i.FLASH_OB_RDP_LevelConfig) for FLASH_OB_RDP_LevelConfig
    stm32f1xx_hal_flash_ex.o(i.HAL_FLASHEx_OBProgram) refers to stm32f1xx_hal_flash.o(i.FLASH_WaitForLastOperation) for FLASH_WaitForLastOperation
    stm32f1xx_hal_flash_ex.o(i.HAL_FLASHEx_OBProgram) refers to stm32f1xx_hal_flash.o(.bss) for pFlash
    stm32f1xx_hal_sram.o(i.HAL_SRAM_DeInit) refers to fsmc.o(i.HAL_SRAM_MspDeInit) for HAL_SRAM_MspDeInit
    stm32f1xx_hal_sram.o(i.HAL_SRAM_DeInit) refers to stm32f1xx_ll_fsmc.o(i.FSMC_NORSRAM_DeInit) for FSMC_NORSRAM_DeInit
    stm32f1xx_hal_sram.o(i.HAL_SRAM_Init) refers to fsmc.o(i.HAL_SRAM_MspInit) for HAL_SRAM_MspInit
    stm32f1xx_hal_sram.o(i.HAL_SRAM_Init) refers to stm32f1xx_ll_fsmc.o(i.FSMC_NORSRAM_Init) for FSMC_NORSRAM_Init
    stm32f1xx_hal_sram.o(i.HAL_SRAM_Init) refers to stm32f1xx_ll_fsmc.o(i.FSMC_NORSRAM_Timing_Init) for FSMC_NORSRAM_Timing_Init
    stm32f1xx_hal_sram.o(i.HAL_SRAM_Init) refers to stm32f1xx_ll_fsmc.o(i.FSMC_NORSRAM_Extended_Timing_Init) for FSMC_NORSRAM_Extended_Timing_Init
    stm32f1xx_hal_sram.o(i.HAL_SRAM_Read_DMA) refers to stm32f1xx_hal_dma.o(i.HAL_DMA_Start_IT) for HAL_DMA_Start_IT
    stm32f1xx_hal_sram.o(i.HAL_SRAM_Read_DMA) refers to stm32f1xx_hal_sram.o(i.SRAM_DMACpltProt) for SRAM_DMACpltProt
    stm32f1xx_hal_sram.o(i.HAL_SRAM_Read_DMA) refers to stm32f1xx_hal_sram.o(i.SRAM_DMAError) for SRAM_DMAError
    stm32f1xx_hal_sram.o(i.HAL_SRAM_Read_DMA) refers to stm32f1xx_hal_sram.o(i.SRAM_DMACplt) for SRAM_DMACplt
    stm32f1xx_hal_sram.o(i.HAL_SRAM_WriteOperation_Disable) refers to stm32f1xx_ll_fsmc.o(i.FSMC_NORSRAM_WriteOperation_Disable) for FSMC_NORSRAM_WriteOperation_Disable
    stm32f1xx_hal_sram.o(i.HAL_SRAM_WriteOperation_Enable) refers to stm32f1xx_ll_fsmc.o(i.FSMC_NORSRAM_WriteOperation_Enable) for FSMC_NORSRAM_WriteOperation_Enable
    stm32f1xx_hal_sram.o(i.HAL_SRAM_Write_DMA) refers to stm32f1xx_hal_dma.o(i.HAL_DMA_Start_IT) for HAL_DMA_Start_IT
    stm32f1xx_hal_sram.o(i.HAL_SRAM_Write_DMA) refers to stm32f1xx_hal_sram.o(i.SRAM_DMACplt) for SRAM_DMACplt
    stm32f1xx_hal_sram.o(i.HAL_SRAM_Write_DMA) refers to stm32f1xx_hal_sram.o(i.SRAM_DMAError) for SRAM_DMAError
    stm32f1xx_hal_sram.o(i.SRAM_DMACplt) refers to stm32f1xx_hal_sram.o(i.HAL_SRAM_DMA_XferCpltCallback) for HAL_SRAM_DMA_XferCpltCallback
    stm32f1xx_hal_sram.o(i.SRAM_DMACpltProt) refers to stm32f1xx_hal_sram.o(i.HAL_SRAM_DMA_XferCpltCallback) for HAL_SRAM_DMA_XferCpltCallback
    stm32f1xx_hal_sram.o(i.SRAM_DMAError) refers to stm32f1xx_hal_sram.o(i.HAL_SRAM_DMA_XferErrorCallback) for HAL_SRAM_DMA_XferErrorCallback
    system_stm32f1xx.o(i.SystemCoreClockUpdate) refers to system_stm32f1xx.o(.data) for .data
    system_stm32f1xx.o(i.SystemCoreClockUpdate) refers to system_stm32f1xx.o(.constdata) for .constdata
    lcd_header.o(i.LCD_Clear) refers to lcd_header.o(i.LCD_SetCursor) for LCD_SetCursor
    lcd_header.o(i.LCD_Clear) refers to tft_lcd_fsmc.o(i.LCD_WriteRAM_Prepare) for LCD_WriteRAM_Prepare
    lcd_header.o(i.LCD_Clear) refers to tft_lcd_fsmc.o(.bss) for lcddev
    lcd_header.o(i.LCD_Color_Fill) refers to lcd_header.o(i.LCD_SetCursor) for LCD_SetCursor
    lcd_header.o(i.LCD_Color_Fill) refers to tft_lcd_fsmc.o(i.LCD_WriteRAM_Prepare) for LCD_WriteRAM_Prepare
    lcd_header.o(i.LCD_Display_Dir) refers to lcd_header.o(i.LCD_Scan_Dir) for LCD_Scan_Dir
    lcd_header.o(i.LCD_Display_Dir) refers to tft_lcd_fsmc.o(.bss) for lcddev
    lcd_header.o(i.LCD_DrawLine) refers to lcd_header.o(i.LCD_DrawPoint) for LCD_DrawPoint
    lcd_header.o(i.LCD_DrawPoint) refers to lcd_header.o(i.LCD_SetCursor) for LCD_SetCursor
    lcd_header.o(i.LCD_DrawPoint) refers to tft_lcd_fsmc.o(i.LCD_WriteRAM_Prepare) for LCD_WriteRAM_Prepare
    lcd_header.o(i.LCD_DrawPoint) refers to tft_lcd_fsmc.o(.data) for POINT_COLOR
    lcd_header.o(i.LCD_DrawRectangle) refers to lcd_header.o(i.LCD_DrawLine) for LCD_DrawLine
    lcd_header.o(i.LCD_Draw_Circle) refers to lcd_header.o(i.LCD_DrawPoint) for LCD_DrawPoint
    lcd_header.o(i.LCD_Fast_DrawPoint) refers to tft_lcd_fsmc.o(i.LCD_WR_REG) for LCD_WR_REG
    lcd_header.o(i.LCD_Fast_DrawPoint) refers to tft_lcd_fsmc.o(i.LCD_WR_DATA) for LCD_WR_DATA
    lcd_header.o(i.LCD_Fast_DrawPoint) refers to tft_lcd_fsmc.o(i.LCD_WriteReg) for LCD_WriteReg
    lcd_header.o(i.LCD_Fast_DrawPoint) refers to tft_lcd_fsmc.o(.bss) for lcddev
    lcd_header.o(i.LCD_Fill) refers to lcd_header.o(i.LCD_SetCursor) for LCD_SetCursor
    lcd_header.o(i.LCD_Fill) refers to tft_lcd_fsmc.o(i.LCD_WriteRAM_Prepare) for LCD_WriteRAM_Prepare
    lcd_header.o(i.LCD_Fill) refers to tft_lcd_fsmc.o(.bss) for lcddev
    lcd_header.o(i.LCD_Init) refers to tft_lcd_fsmc.o(i.LCD_GetID) for LCD_GetID
    lcd_header.o(i.LCD_Init) refers to tft_lcd_fsmc.o(i.LCD_WR_REG) for LCD_WR_REG
    lcd_header.o(i.LCD_Init) refers to tft_lcd_fsmc.o(i.LCD_WR_DATA) for LCD_WR_DATA
    lcd_header.o(i.LCD_Init) refers to lcd_header.o(.data) for .data
    lcd_header.o(i.LCD_Init) refers to tft_lcd_fsmc.o(.bss) for lcddev
    lcd_header.o(i.LCD_Init) refers to tft_lcd_fsmc.o(i.LCD_WriteReg) for LCD_WriteReg
    lcd_header.o(i.LCD_Init) refers to lcd_header.o(i.LCD_SSD_BackLightSet) for LCD_SSD_BackLightSet
    lcd_header.o(i.LCD_Init) refers to lcd_header.o(i.LCD_Display_Dir) for LCD_Display_Dir
    lcd_header.o(i.LCD_Init) refers to lcd_header.o(i.LCD_Clear) for LCD_Clear
    lcd_header.o(i.LCD_ReadPoint) refers to lcd_header.o(i.LCD_SetCursor) for LCD_SetCursor
    lcd_header.o(i.LCD_ReadPoint) refers to tft_lcd_fsmc.o(i.LCD_WR_REG) for LCD_WR_REG
    lcd_header.o(i.LCD_ReadPoint) refers to tft_lcd_fsmc.o(i.opt_delay) for opt_delay
    lcd_header.o(i.LCD_ReadPoint) refers to tft_lcd_fsmc.o(i.LCD_RD_DATA) for LCD_RD_DATA
    lcd_header.o(i.LCD_ReadPoint) refers to tft_lcd_fsmc.o(i.LCD_BGR2RGB) for LCD_BGR2RGB
    lcd_header.o(i.LCD_ReadPoint) refers to tft_lcd_fsmc.o(.bss) for lcddev
    lcd_header.o(i.LCD_SSD_BackLightSet) refers to tft_lcd_fsmc.o(i.LCD_WR_REG) for LCD_WR_REG
    lcd_header.o(i.LCD_SSD_BackLightSet) refers to tft_lcd_fsmc.o(i.LCD_WR_DATA) for LCD_WR_DATA
    lcd_header.o(i.LCD_SSD_BackLightSet) refers to dfltui.o(.text) for __aeabi_ui2d
    lcd_header.o(i.LCD_SSD_BackLightSet) refers to dmul.o(.text) for __aeabi_dmul
    lcd_header.o(i.LCD_SSD_BackLightSet) refers to dfixui.o(.text) for __aeabi_d2uiz
    lcd_header.o(i.LCD_Scan_Dir) refers to tft_lcd_fsmc.o(i.LCD_WriteReg) for LCD_WriteReg
    lcd_header.o(i.LCD_Scan_Dir) refers to tft_lcd_fsmc.o(i.LCD_WR_REG) for LCD_WR_REG
    lcd_header.o(i.LCD_Scan_Dir) refers to tft_lcd_fsmc.o(i.LCD_WR_DATA) for LCD_WR_DATA
    lcd_header.o(i.LCD_Scan_Dir) refers to tft_lcd_fsmc.o(.bss) for lcddev
    lcd_header.o(i.LCD_SetCursor) refers to tft_lcd_fsmc.o(i.LCD_WR_REG) for LCD_WR_REG
    lcd_header.o(i.LCD_SetCursor) refers to tft_lcd_fsmc.o(i.LCD_WR_DATA) for LCD_WR_DATA
    lcd_header.o(i.LCD_SetCursor) refers to tft_lcd_fsmc.o(i.LCD_WriteReg) for LCD_WriteReg
    lcd_header.o(i.LCD_SetCursor) refers to tft_lcd_fsmc.o(.bss) for lcddev
    lcd_header.o(i.LCD_Set_Window) refers to tft_lcd_fsmc.o(i.LCD_WR_REG) for LCD_WR_REG
    lcd_header.o(i.LCD_Set_Window) refers to tft_lcd_fsmc.o(i.LCD_WR_DATA) for LCD_WR_DATA
    lcd_header.o(i.LCD_Set_Window) refers to tft_lcd_fsmc.o(i.LCD_WriteReg) for LCD_WriteReg
    lcd_header.o(i.LCD_Set_Window) refers to lcd_header.o(i.LCD_SetCursor) for LCD_SetCursor
    lcd_header.o(i.LCD_Set_Window) refers to tft_lcd_fsmc.o(.bss) for lcddev
    lcd_header.o(i.LCD_ShowChar) refers to lcd_header.o(i.LCD_Fast_DrawPoint) for LCD_Fast_DrawPoint
    lcd_header.o(i.LCD_ShowChar) refers to tft_lcd_fsmc.o(.bss) for lcddev
    lcd_header.o(i.LCD_ShowChar) refers to lcd_header.o(.constdata) for .constdata
    lcd_header.o(i.LCD_ShowChar) refers to tft_lcd_fsmc.o(.data) for POINT_COLOR
    lcd_header.o(i.LCD_ShowChar) refers to tft_lcd_fsmc.o(.data) for BACK_COLOR
    lcd_header.o(i.LCD_ShowNum) refers to lcd_header.o(i.LCD_Pow) for LCD_Pow
    lcd_header.o(i.LCD_ShowNum) refers to lcd_header.o(i.LCD_ShowChar) for LCD_ShowChar
    lcd_header.o(i.LCD_ShowString) refers to lcd_header.o(i.LCD_ShowChar) for LCD_ShowChar
    lcd_header.o(i.LCD_ShowxNum) refers to lcd_header.o(i.LCD_Pow) for LCD_Pow
    lcd_header.o(i.LCD_ShowxNum) refers to lcd_header.o(i.LCD_ShowChar) for LCD_ShowChar
    tft_lcd_fsmc.o(i.LCD_GetID) refers to tft_lcd_fsmc.o(i.LCD_ReadReg) for LCD_ReadReg
    tft_lcd_fsmc.o(i.LCD_GetID) refers to tft_lcd_fsmc.o(i.LCD_RD_DATA) for LCD_RD_DATA
    tft_lcd_fsmc.o(i.LCD_GetID) refers to tft_lcd_fsmc.o(.bss) for .bss
    tft_lcd_fsmc.o(i.LCD_ReadReg) refers to tft_lcd_fsmc.o(i.LCD_RD_DATA) for LCD_RD_DATA
    tft_lcd_fsmc.o(i.LCD_WriteRAM_Prepare) refers to tft_lcd_fsmc.o(.bss) for .bss
    tetris.o(i.DiewBlock) refers to lcd_header.o(i.LCD_Fill) for LCD_Fill
    tetris.o(i.Input) refers to tetris.o(i.checkMove) for checkMove
    tetris.o(i.Input) refers to tetris.o(i.turnBlock) for turnBlock
    tetris.o(i.Input) refers to tetris.o(i.drawBlock) for drawBlock
    tetris.o(i.Input) refers to tetris.o(i.showGame) for showGame
    tetris.o(i.Input) refers to tetris.o(i.cleanBlock) for cleanBlock
    tetris.o(i.Input) refers to tetris.o(.data) for .data
    tetris.o(i.checkDeleteLine) refers to tetris.o(.data) for .data
    tetris.o(i.checkDeleteLine) refers to tetris.o(.bss) for .bss
    tetris.o(i.checkGameOver) refers to tetris.o(i.gameEnd) for gameEnd
    tetris.o(i.checkGameOver) refers to tetris.o(.data) for .data
    tetris.o(i.checkGameOver) refers to tetris.o(.bss) for .bss
    tetris.o(i.checkMove) refers to tetris.o(.data) for .data
    tetris.o(i.checkMove) refers to tetris.o(.bss) for .bss
    tetris.o(i.cleanBlock) refers to tetris.o(.data) for .data
    tetris.o(i.cleanBlock) refers to tetris.o(.bss) for .bss
    tetris.o(i.drawBlock) refers to tetris.o(.data) for .data
    tetris.o(i.drawBlock) refers to tetris.o(.bss) for .bss
    tetris.o(i.gameEnd) refers to lcd_header.o(i.LCD_Clear) for LCD_Clear
    tetris.o(i.gameEnd) refers to lcd_header.o(i.LCD_ShowString) for LCD_ShowString
    tetris.o(i.gameSelf) refers to tetris.o(i.drawBlock) for drawBlock
    tetris.o(i.gameSelf) refers to tetris.o(i.showGame) for showGame
    tetris.o(i.gameSelf) refers to tetris.o(i.cleanBlock) for cleanBlock
    tetris.o(i.gameSelf) refers to tetris.o(i.checkMove) for checkMove
    tetris.o(i.gameSelf) refers to tetris.o(i.checkGameOver) for checkGameOver
    tetris.o(i.gameSelf) refers to tetris.o(i.checkDeleteLine) for checkDeleteLine
    tetris.o(i.gameSelf) refers to rand.o(.text) for rand
    tetris.o(i.gameSelf) refers to tetris.o(.data) for .data
    tetris.o(i.initalGameArea) refers to rand.o(.text) for srand
    tetris.o(i.initalGameArea) refers to tetris.o(.data) for .data
    tetris.o(i.initalGameArea) refers to tetris.o(.bss) for .bss
    tetris.o(i.showGame) refers to lcd_header.o(i.LCD_Clear) for LCD_Clear
    tetris.o(i.showGame) refers to tetris.o(i.DiewBlock) for DiewBlock
    tetris.o(i.showGame) refers to tetris.o(.bss) for .bss
    tetris.o(i.turnBlock) refers to tetris.o(.data) for .data
    tetris.o(i.turnBlock) refers to tetris.o(.bss) for .bss
    entry.o(.ARM.Collect$$$$00000000) refers (Special) to entry10a.o(.ARM.Collect$$$$0000000D) for __rt_final_cpp
    entry.o(.ARM.Collect$$$$00000000) refers (Special) to entry11a.o(.ARM.Collect$$$$0000000F) for __rt_final_exit
    entry.o(.ARM.Collect$$$$00000000) refers (Special) to entry7b.o(.ARM.Collect$$$$00000008) for _main_clock
    entry.o(.ARM.Collect$$$$00000000) refers (Special) to entry8b.o(.ARM.Collect$$$$0000000A) for _main_cpp_init
    entry.o(.ARM.Collect$$$$00000000) refers (Special) to entry9a.o(.ARM.Collect$$$$0000000B) for _main_init
    entry.o(.ARM.Collect$$$$00000000) refers (Special) to entry5.o(.ARM.Collect$$$$00000004) for _main_scatterload
    entry.o(.ARM.Collect$$$$00000000) refers (Special) to entry2.o(.ARM.Collect$$$$00000001) for _main_stk
    rand.o(.text) refers to rand.o(.data) for .data
    dmul.o(.text) refers (Special) to iusefp.o(.text) for __I$use$fp
    dmul.o(.text) refers to depilogue.o(.text) for _double_epilogue
    dfltui.o(.text) refers (Special) to iusefp.o(.text) for __I$use$fp
    dfltui.o(.text) refers to depilogue.o(.text) for _double_epilogue
    dfixui.o(.text) refers (Special) to iusefp.o(.text) for __I$use$fp
    dfixui.o(.text) refers to llushr.o(.text) for __aeabi_llsr
    entry2.o(.ARM.Collect$$$$00000001) refers to entry2.o(.ARM.Collect$$$$00002712) for __lit__00000000
    entry2.o(.ARM.Collect$$$$00002712) refers to startup_stm32f103xe.o(STACK) for __initial_sp
    entry2.o(__vectab_stack_and_reset_area) refers to startup_stm32f103xe.o(STACK) for __initial_sp
    entry2.o(__vectab_stack_and_reset_area) refers to entry.o(.ARM.Collect$$$$00000000) for __main
    entry5.o(.ARM.Collect$$$$00000004) refers to init.o(.text) for __scatterload
    entry9a.o(.ARM.Collect$$$$0000000B) refers to main.o(i.main) for main
    entry9b.o(.ARM.Collect$$$$0000000C) refers to main.o(i.main) for main
    depilogue.o(.text) refers to llshl.o(.text) for __aeabi_llsl
    depilogue.o(.text) refers to llushr.o(.text) for __aeabi_llsr
    init.o(.text) refers to entry5.o(.ARM.Collect$$$$00000004) for __main_after_scatterload


==============================================================================

Removing Unused input sections from the image.

    Removing startup_stm32f103xe.o(HEAP), (512 bytes).
    Removing main.o(.rev16_text), (4 bytes).
    Removing main.o(.revsh_text), (4 bytes).
    Removing main.o(.rrx_text), (6 bytes).
    Removing gpio.o(.rev16_text), (4 bytes).
    Removing gpio.o(.revsh_text), (4 bytes).
    Removing gpio.o(.rrx_text), (6 bytes).
    Removing fsmc.o(.rev16_text), (4 bytes).
    Removing fsmc.o(.revsh_text), (4 bytes).
    Removing fsmc.o(.rrx_text), (6 bytes).
    Removing fsmc.o(i.HAL_SRAM_MspDeInit), (80 bytes).
    Removing stm32f1xx_it.o(.rev16_text), (4 bytes).
    Removing stm32f1xx_it.o(.revsh_text), (4 bytes).
    Removing stm32f1xx_it.o(.rrx_text), (6 bytes).
    Removing stm32f1xx_hal_msp.o(.rev16_text), (4 bytes).
    Removing stm32f1xx_hal_msp.o(.revsh_text), (4 bytes).
    Removing stm32f1xx_hal_msp.o(.rrx_text), (6 bytes).
    Removing stm32f1xx_hal_gpio_ex.o(.rev16_text), (4 bytes).
    Removing stm32f1xx_hal_gpio_ex.o(.revsh_text), (4 bytes).
    Removing stm32f1xx_hal_gpio_ex.o(.rrx_text), (6 bytes).
    Removing stm32f1xx_hal_gpio_ex.o(i.HAL_GPIOEx_ConfigEventout), (20 bytes).
    Removing stm32f1xx_hal_gpio_ex.o(i.HAL_GPIOEx_DisableEventout), (16 bytes).
    Removing stm32f1xx_hal_gpio_ex.o(i.HAL_GPIOEx_EnableEventout), (16 bytes).
    Removing stm32f1xx_ll_fsmc.o(.rev16_text), (4 bytes).
    Removing stm32f1xx_ll_fsmc.o(.revsh_text), (4 bytes).
    Removing stm32f1xx_ll_fsmc.o(.rrx_text), (6 bytes).
    Removing stm32f1xx_ll_fsmc.o(i.FSMC_NAND_AttributeSpace_Timing_Init), (40 bytes).
    Removing stm32f1xx_ll_fsmc.o(i.FSMC_NAND_CommonSpace_Timing_Init), (40 bytes).
    Removing stm32f1xx_ll_fsmc.o(i.FSMC_NAND_DeInit), (52 bytes).
    Removing stm32f1xx_ll_fsmc.o(i.FSMC_NAND_ECC_Disable), (26 bytes).
    Removing stm32f1xx_ll_fsmc.o(i.FSMC_NAND_ECC_Enable), (26 bytes).
    Removing stm32f1xx_ll_fsmc.o(i.FSMC_NAND_GetECC), (80 bytes).
    Removing stm32f1xx_ll_fsmc.o(i.FSMC_NAND_Init), (72 bytes).
    Removing stm32f1xx_ll_fsmc.o(i.FSMC_NORSRAM_DeInit), (50 bytes).
    Removing stm32f1xx_ll_fsmc.o(i.FSMC_NORSRAM_WriteOperation_Disable), (16 bytes).
    Removing stm32f1xx_ll_fsmc.o(i.FSMC_NORSRAM_WriteOperation_Enable), (16 bytes).
    Removing stm32f1xx_ll_fsmc.o(i.FSMC_PCCARD_AttributeSpace_Timing_Init), (28 bytes).
    Removing stm32f1xx_ll_fsmc.o(i.FSMC_PCCARD_CommonSpace_Timing_Init), (28 bytes).
    Removing stm32f1xx_ll_fsmc.o(i.FSMC_PCCARD_DeInit), (30 bytes).
    Removing stm32f1xx_ll_fsmc.o(i.FSMC_PCCARD_IOSpace_Timing_Init), (28 bytes).
    Removing stm32f1xx_ll_fsmc.o(i.FSMC_PCCARD_Init), (40 bytes).
    Removing stm32f1xx_hal.o(.rev16_text), (4 bytes).
    Removing stm32f1xx_hal.o(.revsh_text), (4 bytes).
    Removing stm32f1xx_hal.o(.rrx_text), (6 bytes).
    Removing stm32f1xx_hal.o(i.HAL_DBGMCU_DisableDBGSleepMode), (16 bytes).
    Removing stm32f1xx_hal.o(i.HAL_DBGMCU_DisableDBGStandbyMode), (16 bytes).
    Removing stm32f1xx_hal.o(i.HAL_DBGMCU_DisableDBGStopMode), (16 bytes).
    Removing stm32f1xx_hal.o(i.HAL_DBGMCU_EnableDBGSleepMode), (16 bytes).
    Removing stm32f1xx_hal.o(i.HAL_DBGMCU_EnableDBGStandbyMode), (16 bytes).
    Removing stm32f1xx_hal.o(i.HAL_DBGMCU_EnableDBGStopMode), (16 bytes).
    Removing stm32f1xx_hal.o(i.HAL_DeInit), (32 bytes).
    Removing stm32f1xx_hal.o(i.HAL_GetDEVID), (16 bytes).
    Removing stm32f1xx_hal.o(i.HAL_GetHalVersion), (8 bytes).
    Removing stm32f1xx_hal.o(i.HAL_GetREVID), (12 bytes).
    Removing stm32f1xx_hal.o(i.HAL_GetTickFreq), (12 bytes).
    Removing stm32f1xx_hal.o(i.HAL_GetTickPrio), (12 bytes).
    Removing stm32f1xx_hal.o(i.HAL_GetUIDw0), (12 bytes).
    Removing stm32f1xx_hal.o(i.HAL_GetUIDw1), (12 bytes).
    Removing stm32f1xx_hal.o(i.HAL_GetUIDw2), (12 bytes).
    Removing stm32f1xx_hal.o(i.HAL_MspDeInit), (2 bytes).
    Removing stm32f1xx_hal.o(i.HAL_MspInit), (2 bytes).
    Removing stm32f1xx_hal.o(i.HAL_ResumeTick), (14 bytes).
    Removing stm32f1xx_hal.o(i.HAL_SetTickFreq), (36 bytes).
    Removing stm32f1xx_hal.o(i.HAL_SuspendTick), (14 bytes).
    Removing stm32f1xx_hal_rcc.o(.rev16_text), (4 bytes).
    Removing stm32f1xx_hal_rcc.o(.revsh_text), (4 bytes).
    Removing stm32f1xx_hal_rcc.o(.rrx_text), (6 bytes).
    Removing stm32f1xx_hal_rcc.o(i.HAL_RCC_CSSCallback), (2 bytes).
    Removing stm32f1xx_hal_rcc.o(i.HAL_RCC_DeInit), (220 bytes).
    Removing stm32f1xx_hal_rcc.o(i.HAL_RCC_DisableCSS), (12 bytes).
    Removing stm32f1xx_hal_rcc.o(i.HAL_RCC_EnableCSS), (12 bytes).
    Removing stm32f1xx_hal_rcc.o(i.HAL_RCC_GetClockConfig), (64 bytes).
    Removing stm32f1xx_hal_rcc.o(i.HAL_RCC_GetHCLKFreq), (12 bytes).
    Removing stm32f1xx_hal_rcc.o(i.HAL_RCC_GetOscConfig), (144 bytes).
    Removing stm32f1xx_hal_rcc.o(i.HAL_RCC_GetPCLK1Freq), (32 bytes).
    Removing stm32f1xx_hal_rcc.o(i.HAL_RCC_GetPCLK2Freq), (32 bytes).
    Removing stm32f1xx_hal_rcc.o(i.HAL_RCC_MCOConfig), (72 bytes).
    Removing stm32f1xx_hal_rcc.o(i.HAL_RCC_NMI_IRQHandler), (24 bytes).
    Removing stm32f1xx_hal_rcc_ex.o(.rev16_text), (4 bytes).
    Removing stm32f1xx_hal_rcc_ex.o(.revsh_text), (4 bytes).
    Removing stm32f1xx_hal_rcc_ex.o(.rrx_text), (6 bytes).
    Removing stm32f1xx_hal_rcc_ex.o(i.HAL_RCCEx_GetPeriphCLKConfig), (52 bytes).
    Removing stm32f1xx_hal_rcc_ex.o(i.HAL_RCCEx_GetPeriphCLKFreq), (212 bytes).
    Removing stm32f1xx_hal_rcc_ex.o(i.HAL_RCCEx_PeriphCLKConfig), (236 bytes).
    Removing stm32f1xx_hal_gpio.o(.rev16_text), (4 bytes).
    Removing stm32f1xx_hal_gpio.o(.revsh_text), (4 bytes).
    Removing stm32f1xx_hal_gpio.o(.rrx_text), (6 bytes).
    Removing stm32f1xx_hal_gpio.o(i.HAL_GPIO_DeInit), (288 bytes).
    Removing stm32f1xx_hal_gpio.o(i.HAL_GPIO_EXTI_Callback), (2 bytes).
    Removing stm32f1xx_hal_gpio.o(i.HAL_GPIO_LockPin), (34 bytes).
    Removing stm32f1xx_hal_gpio.o(i.HAL_GPIO_ReadPin), (10 bytes).
    Removing stm32f1xx_hal_gpio.o(i.HAL_GPIO_TogglePin), (16 bytes).
    Removing stm32f1xx_hal_dma.o(.rev16_text), (4 bytes).
    Removing stm32f1xx_hal_dma.o(.revsh_text), (4 bytes).
    Removing stm32f1xx_hal_dma.o(.rrx_text), (6 bytes).
    Removing stm32f1xx_hal_dma.o(i.DMA_SetConfig), (42 bytes).
    Removing stm32f1xx_hal_dma.o(i.HAL_DMA_Abort), (70 bytes).
    Removing stm32f1xx_hal_dma.o(i.HAL_DMA_Abort_IT), (304 bytes).
    Removing stm32f1xx_hal_dma.o(i.HAL_DMA_DeInit), (128 bytes).
    Removing stm32f1xx_hal_dma.o(i.HAL_DMA_GetError), (4 bytes).
    Removing stm32f1xx_hal_dma.o(i.HAL_DMA_GetState), (6 bytes).
    Removing stm32f1xx_hal_dma.o(i.HAL_DMA_IRQHandler), (584 bytes).
    Removing stm32f1xx_hal_dma.o(i.HAL_DMA_Init), (124 bytes).
    Removing stm32f1xx_hal_dma.o(i.HAL_DMA_PollForTransfer), (988 bytes).
    Removing stm32f1xx_hal_dma.o(i.HAL_DMA_RegisterCallback), (74 bytes).
    Removing stm32f1xx_hal_dma.o(i.HAL_DMA_Start), (80 bytes).
    Removing stm32f1xx_hal_dma.o(i.HAL_DMA_Start_IT), (112 bytes).
    Removing stm32f1xx_hal_dma.o(i.HAL_DMA_UnRegisterCallback), (82 bytes).
    Removing stm32f1xx_hal_cortex.o(.rev16_text), (4 bytes).
    Removing stm32f1xx_hal_cortex.o(.revsh_text), (4 bytes).
    Removing stm32f1xx_hal_cortex.o(.rrx_text), (6 bytes).
    Removing stm32f1xx_hal_cortex.o(i.HAL_NVIC_ClearPendingIRQ), (26 bytes).
    Removing stm32f1xx_hal_cortex.o(i.HAL_NVIC_DisableIRQ), (34 bytes).
    Removing stm32f1xx_hal_cortex.o(i.HAL_NVIC_GetActive), (36 bytes).
    Removing stm32f1xx_hal_cortex.o(i.HAL_NVIC_GetPendingIRQ), (36 bytes).
    Removing stm32f1xx_hal_cortex.o(i.HAL_NVIC_GetPriority), (82 bytes).
    Removing stm32f1xx_hal_cortex.o(i.HAL_NVIC_GetPriorityGrouping), (16 bytes).
    Removing stm32f1xx_hal_cortex.o(i.HAL_NVIC_SetPendingIRQ), (26 bytes).
    Removing stm32f1xx_hal_cortex.o(i.HAL_NVIC_SystemReset), (36 bytes).
    Removing stm32f1xx_hal_cortex.o(i.HAL_SYSTICK_CLKSourceConfig), (24 bytes).
    Removing stm32f1xx_hal_cortex.o(i.HAL_SYSTICK_Callback), (2 bytes).
    Removing stm32f1xx_hal_cortex.o(i.HAL_SYSTICK_IRQHandler), (8 bytes).
    Removing stm32f1xx_hal_pwr.o(.rev16_text), (4 bytes).
    Removing stm32f1xx_hal_pwr.o(.revsh_text), (4 bytes).
    Removing stm32f1xx_hal_pwr.o(.rrx_text), (6 bytes).
    Removing stm32f1xx_hal_pwr.o(i.HAL_PWR_ConfigPVD), (124 bytes).
    Removing stm32f1xx_hal_pwr.o(i.HAL_PWR_DeInit), (24 bytes).
    Removing stm32f1xx_hal_pwr.o(i.HAL_PWR_DisableBkUpAccess), (12 bytes).
    Removing stm32f1xx_hal_pwr.o(i.HAL_PWR_DisablePVD), (12 bytes).
    Removing stm32f1xx_hal_pwr.o(i.HAL_PWR_DisableSEVOnPend), (16 bytes).
    Removing stm32f1xx_hal_pwr.o(i.HAL_PWR_DisableSleepOnExit), (16 bytes).
    Removing stm32f1xx_hal_pwr.o(i.HAL_PWR_DisableWakeUpPin), (28 bytes).
    Removing stm32f1xx_hal_pwr.o(i.HAL_PWR_EnableBkUpAccess), (12 bytes).
    Removing stm32f1xx_hal_pwr.o(i.HAL_PWR_EnablePVD), (12 bytes).
    Removing stm32f1xx_hal_pwr.o(i.HAL_PWR_EnableSEVOnPend), (16 bytes).
    Removing stm32f1xx_hal_pwr.o(i.HAL_PWR_EnableSleepOnExit), (16 bytes).
    Removing stm32f1xx_hal_pwr.o(i.HAL_PWR_EnableWakeUpPin), (28 bytes).
    Removing stm32f1xx_hal_pwr.o(i.HAL_PWR_EnterSLEEPMode), (32 bytes).
    Removing stm32f1xx_hal_pwr.o(i.HAL_PWR_EnterSTANDBYMode), (32 bytes).
    Removing stm32f1xx_hal_pwr.o(i.HAL_PWR_EnterSTOPMode), (68 bytes).
    Removing stm32f1xx_hal_pwr.o(i.HAL_PWR_PVDCallback), (2 bytes).
    Removing stm32f1xx_hal_pwr.o(i.HAL_PWR_PVD_IRQHandler), (28 bytes).
    Removing stm32f1xx_hal_pwr.o(i.PWR_OverloadWfe), (6 bytes).
    Removing stm32f1xx_hal_flash.o(.rev16_text), (4 bytes).
    Removing stm32f1xx_hal_flash.o(.revsh_text), (4 bytes).
    Removing stm32f1xx_hal_flash.o(.rrx_text), (6 bytes).
    Removing stm32f1xx_hal_flash.o(i.FLASH_Program_HalfWord), (28 bytes).
    Removing stm32f1xx_hal_flash.o(i.FLASH_SetErrorCode), (92 bytes).
    Removing stm32f1xx_hal_flash.o(i.FLASH_WaitForLastOperation), (84 bytes).
    Removing stm32f1xx_hal_flash.o(i.HAL_FLASH_EndOfOperationCallback), (2 bytes).
    Removing stm32f1xx_hal_flash.o(i.HAL_FLASH_GetError), (12 bytes).
    Removing stm32f1xx_hal_flash.o(i.HAL_FLASH_IRQHandler), (264 bytes).
    Removing stm32f1xx_hal_flash.o(i.HAL_FLASH_Lock), (20 bytes).
    Removing stm32f1xx_hal_flash.o(i.HAL_FLASH_OB_Launch), (4 bytes).
    Removing stm32f1xx_hal_flash.o(i.HAL_FLASH_OB_Lock), (20 bytes).
    Removing stm32f1xx_hal_flash.o(i.HAL_FLASH_OB_Unlock), (36 bytes).
    Removing stm32f1xx_hal_flash.o(i.HAL_FLASH_OperationErrorCallback), (2 bytes).
    Removing stm32f1xx_hal_flash.o(i.HAL_FLASH_Program), (128 bytes).
    Removing stm32f1xx_hal_flash.o(i.HAL_FLASH_Program_IT), (100 bytes).
    Removing stm32f1xx_hal_flash.o(i.HAL_FLASH_Unlock), (40 bytes).
    Removing stm32f1xx_hal_flash.o(.bss), (32 bytes).
    Removing stm32f1xx_hal_flash_ex.o(.rev16_text), (4 bytes).
    Removing stm32f1xx_hal_flash_ex.o(.revsh_text), (4 bytes).
    Removing stm32f1xx_hal_flash_ex.o(.rrx_text), (6 bytes).
    Removing stm32f1xx_hal_flash_ex.o(i.FLASH_MassErase), (36 bytes).
    Removing stm32f1xx_hal_flash_ex.o(i.FLASH_OB_DisableWRP), (176 bytes).
    Removing stm32f1xx_hal_flash_ex.o(i.FLASH_OB_EnableWRP), (176 bytes).
    Removing stm32f1xx_hal_flash_ex.o(i.FLASH_OB_GetRDP), (24 bytes).
    Removing stm32f1xx_hal_flash_ex.o(i.FLASH_OB_RDP_LevelConfig), (100 bytes).
    Removing stm32f1xx_hal_flash_ex.o(i.FLASH_PageErase), (36 bytes).
    Removing stm32f1xx_hal_flash_ex.o(i.HAL_FLASHEx_Erase), (168 bytes).
    Removing stm32f1xx_hal_flash_ex.o(i.HAL_FLASHEx_Erase_IT), (84 bytes).
    Removing stm32f1xx_hal_flash_ex.o(i.HAL_FLASHEx_OBErase), (84 bytes).
    Removing stm32f1xx_hal_flash_ex.o(i.HAL_FLASHEx_OBGetConfig), (36 bytes).
    Removing stm32f1xx_hal_flash_ex.o(i.HAL_FLASHEx_OBGetUserData), (32 bytes).
    Removing stm32f1xx_hal_flash_ex.o(i.HAL_FLASHEx_OBProgram), (200 bytes).
    Removing stm32f1xx_hal_exti.o(.rev16_text), (4 bytes).
    Removing stm32f1xx_hal_exti.o(.revsh_text), (4 bytes).
    Removing stm32f1xx_hal_exti.o(.rrx_text), (6 bytes).
    Removing stm32f1xx_hal_exti.o(i.HAL_EXTI_ClearConfigLine), (104 bytes).
    Removing stm32f1xx_hal_exti.o(i.HAL_EXTI_ClearPending), (20 bytes).
    Removing stm32f1xx_hal_exti.o(i.HAL_EXTI_GenerateSWI), (20 bytes).
    Removing stm32f1xx_hal_exti.o(i.HAL_EXTI_GetConfigLine), (152 bytes).
    Removing stm32f1xx_hal_exti.o(i.HAL_EXTI_GetHandle), (12 bytes).
    Removing stm32f1xx_hal_exti.o(i.HAL_EXTI_GetPending), (24 bytes).
    Removing stm32f1xx_hal_exti.o(i.HAL_EXTI_IRQHandler), (36 bytes).
    Removing stm32f1xx_hal_exti.o(i.HAL_EXTI_RegisterCallback), (14 bytes).
    Removing stm32f1xx_hal_exti.o(i.HAL_EXTI_SetConfigLine), (164 bytes).
    Removing stm32f1xx_hal_sram.o(.rev16_text), (4 bytes).
    Removing stm32f1xx_hal_sram.o(.revsh_text), (4 bytes).
    Removing stm32f1xx_hal_sram.o(.rrx_text), (6 bytes).
    Removing stm32f1xx_hal_sram.o(i.HAL_SRAM_DMA_XferCpltCallback), (2 bytes).
    Removing stm32f1xx_hal_sram.o(i.HAL_SRAM_DMA_XferErrorCallback), (2 bytes).
    Removing stm32f1xx_hal_sram.o(i.HAL_SRAM_DeInit), (28 bytes).
    Removing stm32f1xx_hal_sram.o(i.HAL_SRAM_GetState), (6 bytes).
    Removing stm32f1xx_hal_sram.o(i.HAL_SRAM_MspDeInit), (2 bytes).
    Removing stm32f1xx_hal_sram.o(i.HAL_SRAM_MspInit), (2 bytes).
    Removing stm32f1xx_hal_sram.o(i.HAL_SRAM_Read_16b), (88 bytes).
    Removing stm32f1xx_hal_sram.o(i.HAL_SRAM_Read_32b), (66 bytes).
    Removing stm32f1xx_hal_sram.o(i.HAL_SRAM_Read_8b), (70 bytes).
    Removing stm32f1xx_hal_sram.o(i.HAL_SRAM_Read_DMA), (92 bytes).
    Removing stm32f1xx_hal_sram.o(i.HAL_SRAM_WriteOperation_Disable), (60 bytes).
    Removing stm32f1xx_hal_sram.o(i.HAL_SRAM_WriteOperation_Enable), (58 bytes).
    Removing stm32f1xx_hal_sram.o(i.HAL_SRAM_Write_16b), (96 bytes).
    Removing stm32f1xx_hal_sram.o(i.HAL_SRAM_Write_32b), (62 bytes).
    Removing stm32f1xx_hal_sram.o(i.HAL_SRAM_Write_8b), (66 bytes).
    Removing stm32f1xx_hal_sram.o(i.HAL_SRAM_Write_DMA), (76 bytes).
    Removing stm32f1xx_hal_sram.o(i.SRAM_DMACplt), (26 bytes).
    Removing stm32f1xx_hal_sram.o(i.SRAM_DMACpltProt), (26 bytes).
    Removing stm32f1xx_hal_sram.o(i.SRAM_DMAError), (26 bytes).
    Removing stm32f1xx_hal_tim.o(.rev16_text), (4 bytes).
    Removing stm32f1xx_hal_tim.o(.revsh_text), (4 bytes).
    Removing stm32f1xx_hal_tim.o(.rrx_text), (6 bytes).
    Removing stm32f1xx_hal_tim_ex.o(.rev16_text), (4 bytes).
    Removing stm32f1xx_hal_tim_ex.o(.revsh_text), (4 bytes).
    Removing stm32f1xx_hal_tim_ex.o(.rrx_text), (6 bytes).
    Removing system_stm32f1xx.o(.rev16_text), (4 bytes).
    Removing system_stm32f1xx.o(.revsh_text), (4 bytes).
    Removing system_stm32f1xx.o(.rrx_text), (6 bytes).
    Removing system_stm32f1xx.o(i.SystemCoreClockUpdate), (104 bytes).
    Removing system_stm32f1xx.o(.constdata), (8 bytes).
    Removing lcd_header.o(i.LCD_Color_Fill), (92 bytes).
    Removing lcd_header.o(i.LCD_DrawLine), (154 bytes).
    Removing lcd_header.o(i.LCD_DrawPoint), (28 bytes).
    Removing lcd_header.o(i.LCD_DrawRectangle), (58 bytes).
    Removing lcd_header.o(i.LCD_Draw_Circle), (176 bytes).
    Removing lcd_header.o(i.LCD_Pow), (16 bytes).
    Removing lcd_header.o(i.LCD_ReadPoint), (260 bytes).
    Removing lcd_header.o(i.LCD_Set_Window), (480 bytes).
    Removing lcd_header.o(i.LCD_ShowNum), (118 bytes).
    Removing lcd_header.o(i.LCD_ShowxNum), (134 bytes).
    Removing tft_lcd_fsmc.o(i.LCD_BGR2RGB), (18 bytes).
    Removing tft_lcd_fsmc.o(i.LCD_WriteRAM), (12 bytes).
    Removing tft_lcd_fsmc.o(i.opt_delay), (8 bytes).

234 unused section(s) (total 11768 bytes) removed from the image.

==============================================================================

Image Symbol Table

    Local Symbols

    Symbol Name                              Value     Ov Type        Size  Object(Section)

    ../Core/Src/fsmc.c                       0x00000000   Number         0  fsmc.o ABSOLUTE
    ../Core/Src/gpio.c                       0x00000000   Number         0  gpio.o ABSOLUTE
    ../Core/Src/main.c                       0x00000000   Number         0  main.o ABSOLUTE
    ../Core/Src/stm32f1xx_hal_msp.c          0x00000000   Number         0  stm32f1xx_hal_msp.o ABSOLUTE
    ../Core/Src/stm32f1xx_it.c               0x00000000   Number         0  stm32f1xx_it.o ABSOLUTE
    ../Core/Src/system_stm32f1xx.c           0x00000000   Number         0  system_stm32f1xx.o ABSOLUTE
    ../Drivers/STM32F1xx_HAL_Driver/Src/stm32f1xx_hal.c 0x00000000   Number         0  stm32f1xx_hal.o ABSOLUTE
    ../Drivers/STM32F1xx_HAL_Driver/Src/stm32f1xx_hal_cortex.c 0x00000000   Number         0  stm32f1xx_hal_cortex.o ABSOLUTE
    ../Drivers/STM32F1xx_HAL_Driver/Src/stm32f1xx_hal_dma.c 0x00000000   Number         0  stm32f1xx_hal_dma.o ABSOLUTE
    ../Drivers/STM32F1xx_HAL_Driver/Src/stm32f1xx_hal_exti.c 0x00000000   Number         0  stm32f1xx_hal_exti.o ABSOLUTE
    ../Drivers/STM32F1xx_HAL_Driver/Src/stm32f1xx_hal_flash.c 0x00000000   Number         0  stm32f1xx_hal_flash.o ABSOLUTE
    ../Drivers/STM32F1xx_HAL_Driver/Src/stm32f1xx_hal_flash_ex.c 0x00000000   Number         0  stm32f1xx_hal_flash_ex.o ABSOLUTE
    ../Drivers/STM32F1xx_HAL_Driver/Src/stm32f1xx_hal_gpio.c 0x00000000   Number         0  stm32f1xx_hal_gpio.o ABSOLUTE
    ../Drivers/STM32F1xx_HAL_Driver/Src/stm32f1xx_hal_gpio_ex.c 0x00000000   Number         0  stm32f1xx_hal_gpio_ex.o ABSOLUTE
    ../Drivers/STM32F1xx_HAL_Driver/Src/stm32f1xx_hal_pwr.c 0x00000000   Number         0  stm32f1xx_hal_pwr.o ABSOLUTE
    ../Drivers/STM32F1xx_HAL_Driver/Src/stm32f1xx_hal_rcc.c 0x00000000   Number         0  stm32f1xx_hal_rcc.o ABSOLUTE
    ../Drivers/STM32F1xx_HAL_Driver/Src/stm32f1xx_hal_rcc_ex.c 0x00000000   Number         0  stm32f1xx_hal_rcc_ex.o ABSOLUTE
    ../Drivers/STM32F1xx_HAL_Driver/Src/stm32f1xx_hal_sram.c 0x00000000   Number         0  stm32f1xx_hal_sram.o ABSOLUTE
    ../Drivers/STM32F1xx_HAL_Driver/Src/stm32f1xx_hal_tim.c 0x00000000   Number         0  stm32f1xx_hal_tim.o ABSOLUTE
    ../Drivers/STM32F1xx_HAL_Driver/Src/stm32f1xx_hal_tim_ex.c 0x00000000   Number         0  stm32f1xx_hal_tim_ex.o ABSOLUTE
    ../Drivers/STM32F1xx_HAL_Driver/Src/stm32f1xx_ll_fsmc.c 0x00000000   Number         0  stm32f1xx_ll_fsmc.o ABSOLUTE
    ../clib/../cmprslib/zerorunl2.c          0x00000000   Number         0  __dczerorl2.o ABSOLUTE
    ../clib/microlib/init/entry.s            0x00000000   Number         0  entry5.o ABSOLUTE
    ../clib/microlib/init/entry.s            0x00000000   Number         0  entry2.o ABSOLUTE
    ../clib/microlib/init/entry.s            0x00000000   Number         0  entry.o ABSOLUTE
    ../clib/microlib/init/entry.s            0x00000000   Number         0  entry11b.o ABSOLUTE
    ../clib/microlib/init/entry.s            0x00000000   Number         0  entry8b.o ABSOLUTE
    ../clib/microlib/init/entry.s            0x00000000   Number         0  entry11a.o ABSOLUTE
    ../clib/microlib/init/entry.s            0x00000000   Number         0  entry10b.o ABSOLUTE
    ../clib/microlib/init/entry.s            0x00000000   Number         0  entry10a.o ABSOLUTE
    ../clib/microlib/init/entry.s            0x00000000   Number         0  entry9b.o ABSOLUTE
    ../clib/microlib/init/entry.s            0x00000000   Number         0  entry7a.o ABSOLUTE
    ../clib/microlib/init/entry.s            0x00000000   Number         0  entry9a.o ABSOLUTE
    ../clib/microlib/init/entry.s            0x00000000   Number         0  entry8a.o ABSOLUTE
    ../clib/microlib/init/entry.s            0x00000000   Number         0  entry7b.o ABSOLUTE
    ../clib/microlib/longlong.c              0x00000000   Number         0  llushr.o ABSOLUTE
    ../clib/microlib/longlong.c              0x00000000   Number         0  llshl.o ABSOLUTE
    ../clib/microlib/stdlib/rand.c           0x00000000   Number         0  rand.o ABSOLUTE
    ../clib/microlib/string/memset.c         0x00000000   Number         0  memseta.o ABSOLUTE
    ../clib/microlib/stubs.s                 0x00000000   Number         0  iusefp.o ABSOLUTE
    ../fplib/microlib/fpepilogue.c           0x00000000   Number         0  depilogue.o ABSOLUTE
    ../fplib/microlib/fpfix.c                0x00000000   Number         0  dfixui.o ABSOLUTE
    ../fplib/microlib/fpflt.c                0x00000000   Number         0  dfltui.o ABSOLUTE
    ../fplib/microlib/fpmul.c                0x00000000   Number         0  dmul.o ABSOLUTE
    ..\Core\Src\fsmc.c                       0x00000000   Number         0  fsmc.o ABSOLUTE
    ..\Core\Src\gpio.c                       0x00000000   Number         0  gpio.o ABSOLUTE
    ..\Core\Src\main.c                       0x00000000   Number         0  main.o ABSOLUTE
    ..\Core\Src\stm32f1xx_hal_msp.c          0x00000000   Number         0  stm32f1xx_hal_msp.o ABSOLUTE
    ..\Core\Src\stm32f1xx_it.c               0x00000000   Number         0  stm32f1xx_it.o ABSOLUTE
    ..\Core\Src\system_stm32f1xx.c           0x00000000   Number         0  system_stm32f1xx.o ABSOLUTE
    ..\Drivers\STM32F1xx_HAL_Driver\Src\stm32f1xx_hal.c 0x00000000   Number         0  stm32f1xx_hal.o ABSOLUTE
    ..\Drivers\STM32F1xx_HAL_Driver\Src\stm32f1xx_hal_cortex.c 0x00000000   Number         0  stm32f1xx_hal_cortex.o ABSOLUTE
    ..\Drivers\STM32F1xx_HAL_Driver\Src\stm32f1xx_hal_dma.c 0x00000000   Number         0  stm32f1xx_hal_dma.o ABSOLUTE
    ..\Drivers\STM32F1xx_HAL_Driver\Src\stm32f1xx_hal_exti.c 0x00000000   Number         0  stm32f1xx_hal_exti.o ABSOLUTE
    ..\Drivers\STM32F1xx_HAL_Driver\Src\stm32f1xx_hal_flash.c 0x00000000   Number         0  stm32f1xx_hal_flash.o ABSOLUTE
    ..\Drivers\STM32F1xx_HAL_Driver\Src\stm32f1xx_hal_flash_ex.c 0x00000000   Number         0  stm32f1xx_hal_flash_ex.o ABSOLUTE
    ..\Drivers\STM32F1xx_HAL_Driver\Src\stm32f1xx_hal_gpio.c 0x00000000   Number         0  stm32f1xx_hal_gpio.o ABSOLUTE
    ..\Drivers\STM32F1xx_HAL_Driver\Src\stm32f1xx_hal_gpio_ex.c 0x00000000   Number         0  stm32f1xx_hal_gpio_ex.o ABSOLUTE
    ..\Drivers\STM32F1xx_HAL_Driver\Src\stm32f1xx_hal_pwr.c 0x00000000   Number         0  stm32f1xx_hal_pwr.o ABSOLUTE
    ..\Drivers\STM32F1xx_HAL_Driver\Src\stm32f1xx_hal_rcc.c 0x00000000   Number         0  stm32f1xx_hal_rcc.o ABSOLUTE
    ..\Drivers\STM32F1xx_HAL_Driver\Src\stm32f1xx_hal_rcc_ex.c 0x00000000   Number         0  stm32f1xx_hal_rcc_ex.o ABSOLUTE
    ..\Drivers\STM32F1xx_HAL_Driver\Src\stm32f1xx_hal_sram.c 0x00000000   Number         0  stm32f1xx_hal_sram.o ABSOLUTE
    ..\Drivers\STM32F1xx_HAL_Driver\Src\stm32f1xx_hal_tim.c 0x00000000   Number         0  stm32f1xx_hal_tim.o ABSOLUTE
    ..\Drivers\STM32F1xx_HAL_Driver\Src\stm32f1xx_hal_tim_ex.c 0x00000000   Number         0  stm32f1xx_hal_tim_ex.o ABSOLUTE
    ..\Drivers\STM32F1xx_HAL_Driver\Src\stm32f1xx_ll_fsmc.c 0x00000000   Number         0  stm32f1xx_ll_fsmc.o ABSOLUTE
    ..\Tetris\Src\tetris.c                   0x00000000   Number         0  tetris.o ABSOLUTE
    ..\ThinkLib\Src\lcd_header.c             0x00000000   Number         0  lcd_header.o ABSOLUTE
    ..\ThinkLib\Src\tft_lcd_fsmc.c           0x00000000   Number         0  tft_lcd_fsmc.o ABSOLUTE
    dc.s                                     0x00000000   Number         0  dc.o ABSOLUTE
    handlers.s                               0x00000000   Number         0  handlers.o ABSOLUTE
    init.s                                   0x00000000   Number         0  init.o ABSOLUTE
    startup_stm32f103xe.s                    0x00000000   Number         0  startup_stm32f103xe.o ABSOLUTE
    RESET                                    0x08000000   Section      304  startup_stm32f103xe.o(RESET)
    .ARM.Collect$$$$00000000                 0x08000130   Section        0  entry.o(.ARM.Collect$$$$00000000)
    .ARM.Collect$$$$00000001                 0x08000130   Section        4  entry2.o(.ARM.Collect$$$$00000001)
    .ARM.Collect$$$$00000004                 0x08000134   Section        4  entry5.o(.ARM.Collect$$$$00000004)
    .ARM.Collect$$$$00000008                 0x08000138   Section        0  entry7b.o(.ARM.Collect$$$$00000008)
    .ARM.Collect$$$$0000000A                 0x08000138   Section        0  entry8b.o(.ARM.Collect$$$$0000000A)
    .ARM.Collect$$$$0000000B                 0x08000138   Section        8  entry9a.o(.ARM.Collect$$$$0000000B)
    .ARM.Collect$$$$0000000D                 0x08000140   Section        0  entry10a.o(.ARM.Collect$$$$0000000D)
    .ARM.Collect$$$$0000000F                 0x08000140   Section        0  entry11a.o(.ARM.Collect$$$$0000000F)
    .ARM.Collect$$$$00002712                 0x08000140   Section        4  entry2.o(.ARM.Collect$$$$00002712)
    __lit__00000000                          0x08000140   Data           4  entry2.o(.ARM.Collect$$$$00002712)
    .text                                    0x08000144   Section       36  startup_stm32f103xe.o(.text)
    .text                                    0x08000168   Section        0  llushr.o(.text)
    .text                                    0x08000188   Section        0  rand.o(.text)
    .text                                    0x080001ac   Section        0  memseta.o(.text)
    .text                                    0x080001d0   Section        0  dmul.o(.text)
    .text                                    0x080002b4   Section        0  dfltui.o(.text)
    .text                                    0x080002ce   Section        0  dfixui.o(.text)
    .text                                    0x08000300   Section        0  iusefp.o(.text)
    .text                                    0x08000300   Section        0  depilogue.o(.text)
    .text                                    0x080003bc   Section       36  init.o(.text)
    .text                                    0x080003e0   Section        0  llshl.o(.text)
    .text                                    0x080003fe   Section        0  __dczerorl2.o(.text)
    i.BEEP_one                               0x08000454   Section        0  main.o(i.BEEP_one)
    i.BusFault_Handler                       0x0800047c   Section        0  stm32f1xx_it.o(i.BusFault_Handler)
    i.DebugMon_Handler                       0x0800047e   Section        0  stm32f1xx_it.o(i.DebugMon_Handler)
    i.DiewBlock                              0x08000480   Section        0  tetris.o(i.DiewBlock)
    i.EXTI0_IRQHandler                       0x080004ac   Section        0  stm32f1xx_it.o(i.EXTI0_IRQHandler)
    i.EXTI2_IRQHandler                       0x080004b2   Section        0  stm32f1xx_it.o(i.EXTI2_IRQHandler)
    i.EXTI3_IRQHandler                       0x080004b8   Section        0  stm32f1xx_it.o(i.EXTI3_IRQHandler)
    i.EXTI4_IRQHandler                       0x080004be   Section        0  stm32f1xx_it.o(i.EXTI4_IRQHandler)
    i.Error_Handler                          0x080004c4   Section        0  main.o(i.Error_Handler)
    i.FSMC_NORSRAM_Extended_Timing_Init      0x080004c8   Section        0  stm32f1xx_ll_fsmc.o(i.FSMC_NORSRAM_Extended_Timing_Init)
    i.FSMC_NORSRAM_Init                      0x08000504   Section        0  stm32f1xx_ll_fsmc.o(i.FSMC_NORSRAM_Init)
    i.FSMC_NORSRAM_Timing_Init               0x0800056c   Section        0  stm32f1xx_ll_fsmc.o(i.FSMC_NORSRAM_Timing_Init)
    i.HAL_Delay                              0x080005b0   Section        0  stm32f1xx_hal.o(i.HAL_Delay)
    i.HAL_FSMC_MspInit                       0x080005d4   Section        0  fsmc.o(i.HAL_FSMC_MspInit)
    HAL_FSMC_MspInit                         0x080005d5   Thumb Code   106  fsmc.o(i.HAL_FSMC_MspInit)
    i.HAL_GPIO_EXTI_Callback                 0x08000654   Section        0  main.o(i.HAL_GPIO_EXTI_Callback)
    i.HAL_GPIO_EXTI_IRQHandler               0x08000668   Section        0  stm32f1xx_hal_gpio.o(i.HAL_GPIO_EXTI_IRQHandler)
    i.HAL_GPIO_Init                          0x08000680   Section        0  stm32f1xx_hal_gpio.o(i.HAL_GPIO_Init)
    i.HAL_GPIO_WritePin                      0x08000878   Section        0  stm32f1xx_hal_gpio.o(i.HAL_GPIO_WritePin)
    i.HAL_GetTick                            0x08000884   Section        0  stm32f1xx_hal.o(i.HAL_GetTick)
    i.HAL_IncTick                            0x08000890   Section        0  stm32f1xx_hal.o(i.HAL_IncTick)
    i.HAL_Init                               0x080008a0   Section        0  stm32f1xx_hal.o(i.HAL_Init)
    i.HAL_InitTick                           0x080008c4   Section        0  stm32f1xx_hal.o(i.HAL_InitTick)
    i.HAL_MspInit                            0x08000904   Section        0  stm32f1xx_hal_msp.o(i.HAL_MspInit)
    i.HAL_NVIC_EnableIRQ                     0x0800093c   Section        0  stm32f1xx_hal_cortex.o(i.HAL_NVIC_EnableIRQ)
    i.HAL_NVIC_SetPriority                   0x08000958   Section        0  stm32f1xx_hal_cortex.o(i.HAL_NVIC_SetPriority)
    i.HAL_NVIC_SetPriorityGrouping           0x08000998   Section        0  stm32f1xx_hal_cortex.o(i.HAL_NVIC_SetPriorityGrouping)
    i.HAL_RCC_ClockConfig                    0x080009bc   Section        0  stm32f1xx_hal_rcc.o(i.HAL_RCC_ClockConfig)
    i.HAL_RCC_GetSysClockFreq                0x08000ae8   Section        0  stm32f1xx_hal_rcc.o(i.HAL_RCC_GetSysClockFreq)
    i.HAL_RCC_OscConfig                      0x08000b54   Section        0  stm32f1xx_hal_rcc.o(i.HAL_RCC_OscConfig)
    i.HAL_SRAM_Init                          0x08000e74   Section        0  stm32f1xx_hal_sram.o(i.HAL_SRAM_Init)
    i.HAL_SRAM_MspInit                       0x08000ed8   Section        0  fsmc.o(i.HAL_SRAM_MspInit)
    i.HAL_SYSTICK_Config                     0x08000edc   Section        0  stm32f1xx_hal_cortex.o(i.HAL_SYSTICK_Config)
    i.HardFault_Handler                      0x08000f04   Section        0  stm32f1xx_it.o(i.HardFault_Handler)
    i.Input                                  0x08000f08   Section        0  tetris.o(i.Input)
    i.LCD_Clear                              0x08000f90   Section        0  lcd_header.o(i.LCD_Clear)
    i.LCD_Display_Dir                        0x08000ffc   Section        0  lcd_header.o(i.LCD_Display_Dir)
    i.LCD_Fast_DrawPoint                     0x08001130   Section        0  lcd_header.o(i.LCD_Fast_DrawPoint)
    i.LCD_Fill                               0x0800124c   Section        0  lcd_header.o(i.LCD_Fill)
    i.LCD_GetID                              0x080012d8   Section        0  tft_lcd_fsmc.o(i.LCD_GetID)
    i.LCD_Init                               0x080013f8   Section        0  lcd_header.o(i.LCD_Init)
    i.LCD_RD_DATA                            0x0800473c   Section        0  tft_lcd_fsmc.o(i.LCD_RD_DATA)
    i.LCD_ReadReg                            0x08004750   Section        0  tft_lcd_fsmc.o(i.LCD_ReadReg)
    i.LCD_SSD_BackLightSet                   0x0800475c   Section        0  lcd_header.o(i.LCD_SSD_BackLightSet)
    i.LCD_Scan_Dir                           0x080047a8   Section        0  lcd_header.o(i.LCD_Scan_Dir)
    i.LCD_SetCursor                          0x080049ac   Section        0  lcd_header.o(i.LCD_SetCursor)
    i.LCD_ShowChar                           0x08004af4   Section        0  lcd_header.o(i.LCD_ShowChar)
    i.LCD_ShowString                         0x08004bc8   Section        0  lcd_header.o(i.LCD_ShowString)
    i.LCD_WR_DATA                            0x08004c1c   Section        0  tft_lcd_fsmc.o(i.LCD_WR_DATA)
    i.LCD_WR_REG                             0x08004c28   Section        0  tft_lcd_fsmc.o(i.LCD_WR_REG)
    i.LCD_WriteRAM_Prepare                   0x08004c34   Section        0  tft_lcd_fsmc.o(i.LCD_WriteRAM_Prepare)
    i.LCD_WriteReg                           0x08004c48   Section        0  tft_lcd_fsmc.o(i.LCD_WriteReg)
    i.MX_FSMC_Init                           0x08004c58   Section        0  fsmc.o(i.MX_FSMC_Init)
    i.MX_GPIO_Init                           0x08004cec   Section        0  gpio.o(i.MX_GPIO_Init)
    i.MemManage_Handler                      0x08004e34   Section        0  stm32f1xx_it.o(i.MemManage_Handler)
    i.NMI_Handler                            0x08004e36   Section        0  stm32f1xx_it.o(i.NMI_Handler)
    i.PendSV_Handler                         0x08004e38   Section        0  stm32f1xx_it.o(i.PendSV_Handler)
    i.SVC_Handler                            0x08004e3a   Section        0  stm32f1xx_it.o(i.SVC_Handler)
    i.SysTick_Handler                        0x08004e3c   Section        0  stm32f1xx_it.o(i.SysTick_Handler)
    i.SystemClock_Config                     0x08004e40   Section        0  main.o(i.SystemClock_Config)
    i.SystemInit                             0x08004e8e   Section        0  system_stm32f1xx.o(i.SystemInit)
    i.UsageFault_Handler                     0x08004e90   Section        0  stm32f1xx_it.o(i.UsageFault_Handler)
    i.__NVIC_SetPriority                     0x08004e92   Section        0  stm32f1xx_hal_cortex.o(i.__NVIC_SetPriority)
    __NVIC_SetPriority                       0x08004e93   Thumb Code    32  stm32f1xx_hal_cortex.o(i.__NVIC_SetPriority)
    i.__scatterload_copy                     0x08004eb2   Section       14  handlers.o(i.__scatterload_copy)
    i.__scatterload_null                     0x08004ec0   Section        2  handlers.o(i.__scatterload_null)
    i.__scatterload_zeroinit                 0x08004ec2   Section       14  handlers.o(i.__scatterload_zeroinit)
    i.checkDeleteLine                        0x08004ed0   Section        0  tetris.o(i.checkDeleteLine)
    i.checkGameOver                          0x08004f68   Section        0  tetris.o(i.checkGameOver)
    i.checkMove                              0x08004fa8   Section        0  tetris.o(i.checkMove)
    i.cleanBlock                             0x0800502c   Section        0  tetris.o(i.cleanBlock)
    i.drawBlock                              0x08005074   Section        0  tetris.o(i.drawBlock)
    i.gameEnd                                0x080050b4   Section        0  tetris.o(i.gameEnd)
    i.gameSelf                               0x080050e8   Section        0  tetris.o(i.gameSelf)
    i.initalGameArea                         0x0800517c   Section        0  tetris.o(i.initalGameArea)
    i.main                                   0x080051e0   Section        0  main.o(i.main)
    i.showGame                               0x08005224   Section        0  tetris.o(i.showGame)
    i.turnBlock                              0x0800525c   Section        0  tetris.o(i.turnBlock)
    .constdata                               0x080052bc   Section       16  system_stm32f1xx.o(.constdata)
    .constdata                               0x080052cc   Section     6080  lcd_header.o(.constdata)
    .data                                    0x20000000   Section        4  main.o(.data)
    .data                                    0x20000004   Section        8  fsmc.o(.data)
    FSMC_Initialized                         0x20000004   Data           4  fsmc.o(.data)
    FSMC_DeInitialized                       0x20000008   Data           4  fsmc.o(.data)
    .data                                    0x2000000c   Section       12  stm32f1xx_hal.o(.data)
    .data                                    0x20000018   Section        4  system_stm32f1xx.o(.data)
    .data                                    0x2000001c   Section        4  lcd_header.o(.data)
    .data                                    0x20000020   Section        2  tft_lcd_fsmc.o(.data)
    .data                                    0x20000022   Section        2  tft_lcd_fsmc.o(.data)
    .data                                    0x20000024   Section      480  tetris.o(.data)
    startX                                   0x20000024   Data           4  tetris.o(.data)
    startY                                   0x20000028   Data           4  tetris.o(.data)
    type                                     0x2000002c   Data           4  tetris.o(.data)
    nextType                                 0x20000030   Data           4  tetris.o(.data)
    diret                                    0x20000034   Data           4  tetris.o(.data)
    level                                    0x20000038   Data           4  tetris.o(.data)
    score                                    0x2000003c   Data           4  tetris.o(.data)
    .data                                    0x20000204   Section        4  rand.o(.data)
    _rand_state                              0x20000204   Data           4  rand.o(.data)
    .bss                                     0x20000208   Section       72  fsmc.o(.bss)
    .bss                                     0x20000250   Section       14  tft_lcd_fsmc.o(.bss)
    .bss                                     0x2000025e   Section     3840  tetris.o(.bss)
    gameArea                                 0x2000025e   Data        3840  tetris.o(.bss)
    STACK                                    0x20001160   Section     4096  startup_stm32f103xe.o(STACK)

    Global Symbols

    Symbol Name                              Value     Ov Type        Size  Object(Section)

    BuildAttributes$$THM_ISAv4$P$D$K$B$S$PE$A:L22UL41UL21$X:L11$S22US41US21$IEEE1$IW$USESV6$~STKCKD$USESV7$~SHL$OSPACE$ROPI$EBA8$MICROLIB$REQ8$PRES8$EABIv2 0x00000000   Number         0  anon$$obj.o ABSOLUTE
    __ARM_use_no_argv                        0x00000000   Number         0  main.o ABSOLUTE
    __cpp_initialize__aeabi_                  - Undefined Weak Reference
    __cxa_finalize                            - Undefined Weak Reference
    _clock_init                               - Undefined Weak Reference
    _microlib_exit                            - Undefined Weak Reference
    __Vectors_Size                           0x00000130   Number         0  startup_stm32f103xe.o ABSOLUTE
    __Vectors                                0x08000000   Data           4  startup_stm32f103xe.o(RESET)
    __Vectors_End                            0x08000130   Data           0  startup_stm32f103xe.o(RESET)
    __main                                   0x08000131   Thumb Code     0  entry.o(.ARM.Collect$$$$00000000)
    _main_stk                                0x08000131   Thumb Code     0  entry2.o(.ARM.Collect$$$$00000001)
    _main_scatterload                        0x08000135   Thumb Code     0  entry5.o(.ARM.Collect$$$$00000004)
    __main_after_scatterload                 0x08000139   Thumb Code     0  entry5.o(.ARM.Collect$$$$00000004)
    _main_clock                              0x08000139   Thumb Code     0  entry7b.o(.ARM.Collect$$$$00000008)
    _main_cpp_init                           0x08000139   Thumb Code     0  entry8b.o(.ARM.Collect$$$$0000000A)
    _main_init                               0x08000139   Thumb Code     0  entry9a.o(.ARM.Collect$$$$0000000B)
    __rt_final_cpp                           0x08000141   Thumb Code     0  entry10a.o(.ARM.Collect$$$$0000000D)
    __rt_final_exit                          0x08000141   Thumb Code     0  entry11a.o(.ARM.Collect$$$$0000000F)
    Reset_Handler                            0x08000145   Thumb Code     8  startup_stm32f103xe.o(.text)
    ADC1_2_IRQHandler                        0x0800015f   Thumb Code     0  startup_stm32f103xe.o(.text)
    ADC3_IRQHandler                          0x0800015f   Thumb Code     0  startup_stm32f103xe.o(.text)
    CAN1_RX1_IRQHandler                      0x0800015f   Thumb Code     0  startup_stm32f103xe.o(.text)
    CAN1_SCE_IRQHandler                      0x0800015f   Thumb Code     0  startup_stm32f103xe.o(.text)
    DMA1_Channel1_IRQHandler                 0x0800015f   Thumb Code     0  startup_stm32f103xe.o(.text)
    DMA1_Channel2_IRQHandler                 0x0800015f   Thumb Code     0  startup_stm32f103xe.o(.text)
    DMA1_Channel3_IRQHandler                 0x0800015f   Thumb Code     0  startup_stm32f103xe.o(.text)
    DMA1_Channel4_IRQHandler                 0x0800015f   Thumb Code     0  startup_stm32f103xe.o(.text)
    DMA1_Channel5_IRQHandler                 0x0800015f   Thumb Code     0  startup_stm32f103xe.o(.text)
    DMA1_Channel6_IRQHandler                 0x0800015f   Thumb Code     0  startup_stm32f103xe.o(.text)
    DMA1_Channel7_IRQHandler                 0x0800015f   Thumb Code     0  startup_stm32f103xe.o(.text)
    DMA2_Channel1_IRQHandler                 0x0800015f   Thumb Code     0  startup_stm32f103xe.o(.text)
    DMA2_Channel2_IRQHandler                 0x0800015f   Thumb Code     0  startup_stm32f103xe.o(.text)
    DMA2_Channel3_IRQHandler                 0x0800015f   Thumb Code     0  startup_stm32f103xe.o(.text)
    DMA2_Channel4_5_IRQHandler               0x0800015f   Thumb Code     0  startup_stm32f103xe.o(.text)
    EXTI15_10_IRQHandler                     0x0800015f   Thumb Code     0  startup_stm32f103xe.o(.text)
    EXTI1_IRQHandler                         0x0800015f   Thumb Code     0  startup_stm32f103xe.o(.text)
    EXTI9_5_IRQHandler                       0x0800015f   Thumb Code     0  startup_stm32f103xe.o(.text)
    FLASH_IRQHandler                         0x0800015f   Thumb Code     0  startup_stm32f103xe.o(.text)
    FSMC_IRQHandler                          0x0800015f   Thumb Code     0  startup_stm32f103xe.o(.text)
    I2C1_ER_IRQHandler                       0x0800015f   Thumb Code     0  startup_stm32f103xe.o(.text)
    I2C1_EV_IRQHandler                       0x0800015f   Thumb Code     0  startup_stm32f103xe.o(.text)
    I2C2_ER_IRQHandler                       0x0800015f   Thumb Code     0  startup_stm32f103xe.o(.text)
    I2C2_EV_IRQHandler                       0x0800015f   Thumb Code     0  startup_stm32f103xe.o(.text)
    PVD_IRQHandler                           0x0800015f   Thumb Code     0  startup_stm32f103xe.o(.text)
    RCC_IRQHandler                           0x0800015f   Thumb Code     0  startup_stm32f103xe.o(.text)
    RTC_Alarm_IRQHandler                     0x0800015f   Thumb Code     0  startup_stm32f103xe.o(.text)
    RTC_IRQHandler                           0x0800015f   Thumb Code     0  startup_stm32f103xe.o(.text)
    SDIO_IRQHandler                          0x0800015f   Thumb Code     0  startup_stm32f103xe.o(.text)
    SPI1_IRQHandler                          0x0800015f   Thumb Code     0  startup_stm32f103xe.o(.text)
    SPI2_IRQHandler                          0x0800015f   Thumb Code     0  startup_stm32f103xe.o(.text)
    SPI3_IRQHandler                          0x0800015f   Thumb Code     0  startup_stm32f103xe.o(.text)
    TAMPER_IRQHandler                        0x0800015f   Thumb Code     0  startup_stm32f103xe.o(.text)
    TIM1_BRK_IRQHandler                      0x0800015f   Thumb Code     0  startup_stm32f103xe.o(.text)
    TIM1_CC_IRQHandler                       0x0800015f   Thumb Code     0  startup_stm32f103xe.o(.text)
    TIM1_TRG_COM_IRQHandler                  0x0800015f   Thumb Code     0  startup_stm32f103xe.o(.text)
    TIM1_UP_IRQHandler                       0x0800015f   Thumb Code     0  startup_stm32f103xe.o(.text)
    TIM2_IRQHandler                          0x0800015f   Thumb Code     0  startup_stm32f103xe.o(.text)
    TIM3_IRQHandler                          0x0800015f   Thumb Code     0  startup_stm32f103xe.o(.text)
    TIM4_IRQHandler                          0x0800015f   Thumb Code     0  startup_stm32f103xe.o(.text)
    TIM5_IRQHandler                          0x0800015f   Thumb Code     0  startup_stm32f103xe.o(.text)
    TIM6_IRQHandler                          0x0800015f   Thumb Code     0  startup_stm32f103xe.o(.text)
    TIM7_IRQHandler                          0x0800015f   Thumb Code     0  startup_stm32f103xe.o(.text)
    TIM8_BRK_IRQHandler                      0x0800015f   Thumb Code     0  startup_stm32f103xe.o(.text)
    TIM8_CC_IRQHandler                       0x0800015f   Thumb Code     0  startup_stm32f103xe.o(.text)
    TIM8_TRG_COM_IRQHandler                  0x0800015f   Thumb Code     0  startup_stm32f103xe.o(.text)
    TIM8_UP_IRQHandler                       0x0800015f   Thumb Code     0  startup_stm32f103xe.o(.text)
    UART4_IRQHandler                         0x0800015f   Thumb Code     0  startup_stm32f103xe.o(.text)
    UART5_IRQHandler                         0x0800015f   Thumb Code     0  startup_stm32f103xe.o(.text)
    USART1_IRQHandler                        0x0800015f   Thumb Code     0  startup_stm32f103xe.o(.text)
    USART2_IRQHandler                        0x0800015f   Thumb Code     0  startup_stm32f103xe.o(.text)
    USART3_IRQHandler                        0x0800015f   Thumb Code     0  startup_stm32f103xe.o(.text)
    USBWakeUp_IRQHandler                     0x0800015f   Thumb Code     0  startup_stm32f103xe.o(.text)
    USB_HP_CAN1_TX_IRQHandler                0x0800015f   Thumb Code     0  startup_stm32f103xe.o(.text)
    USB_LP_CAN1_RX0_IRQHandler               0x0800015f   Thumb Code     0  startup_stm32f103xe.o(.text)
    WWDG_IRQHandler                          0x0800015f   Thumb Code     0  startup_stm32f103xe.o(.text)
    __aeabi_llsr                             0x08000169   Thumb Code    32  llushr.o(.text)
    _ll_ushift_r                             0x08000169   Thumb Code     0  llushr.o(.text)
    rand                                     0x08000189   Thumb Code    20  rand.o(.text)
    srand                                    0x0800019d   Thumb Code     6  rand.o(.text)
    __aeabi_memset                           0x080001ad   Thumb Code    14  memseta.o(.text)
    __aeabi_memset4                          0x080001ad   Thumb Code     0  memseta.o(.text)
    __aeabi_memset8                          0x080001ad   Thumb Code     0  memseta.o(.text)
    __aeabi_memclr                           0x080001bb   Thumb Code     4  memseta.o(.text)
    __aeabi_memclr4                          0x080001bb   Thumb Code     0  memseta.o(.text)
    __aeabi_memclr8                          0x080001bb   Thumb Code     0  memseta.o(.text)
    _memset$wrapper                          0x080001bf   Thumb Code    18  memseta.o(.text)
    __aeabi_dmul                             0x080001d1   Thumb Code   228  dmul.o(.text)
    __aeabi_ui2d                             0x080002b5   Thumb Code    26  dfltui.o(.text)
    __aeabi_d2uiz                            0x080002cf   Thumb Code    50  dfixui.o(.text)
    __I$use$fp                               0x08000301   Thumb Code     0  iusefp.o(.text)
    _double_round                            0x08000301   Thumb Code    30  depilogue.o(.text)
    _double_epilogue                         0x0800031f   Thumb Code   156  depilogue.o(.text)
    __scatterload                            0x080003bd   Thumb Code    28  init.o(.text)
    __scatterload_rt2                        0x080003bd   Thumb Code     0  init.o(.text)
    __aeabi_llsl                             0x080003e1   Thumb Code    30  llshl.o(.text)
    _ll_shift_l                              0x080003e1   Thumb Code     0  llshl.o(.text)
    __decompress                             0x080003ff   Thumb Code     0  __dczerorl2.o(.text)
    __decompress1                            0x080003ff   Thumb Code    86  __dczerorl2.o(.text)
    BEEP_one                                 0x08000455   Thumb Code    36  main.o(i.BEEP_one)
    BusFault_Handler                         0x0800047d   Thumb Code     2  stm32f1xx_it.o(i.BusFault_Handler)
    DebugMon_Handler                         0x0800047f   Thumb Code     2  stm32f1xx_it.o(i.DebugMon_Handler)
    DiewBlock                                0x08000481   Thumb Code    44  tetris.o(i.DiewBlock)
    EXTI0_IRQHandler                         0x080004ad   Thumb Code     6  stm32f1xx_it.o(i.EXTI0_IRQHandler)
    EXTI2_IRQHandler                         0x080004b3   Thumb Code     6  stm32f1xx_it.o(i.EXTI2_IRQHandler)
    EXTI3_IRQHandler                         0x080004b9   Thumb Code     6  stm32f1xx_it.o(i.EXTI3_IRQHandler)
    EXTI4_IRQHandler                         0x080004bf   Thumb Code     6  stm32f1xx_it.o(i.EXTI4_IRQHandler)
    Error_Handler                            0x080004c5   Thumb Code     2  main.o(i.Error_Handler)
    FSMC_NORSRAM_Extended_Timing_Init        0x080004c9   Thumb Code    56  stm32f1xx_ll_fsmc.o(i.FSMC_NORSRAM_Extended_Timing_Init)
    FSMC_NORSRAM_Init                        0x08000505   Thumb Code    98  stm32f1xx_ll_fsmc.o(i.FSMC_NORSRAM_Init)
    FSMC_NORSRAM_Timing_Init                 0x0800056d   Thumb Code    64  stm32f1xx_ll_fsmc.o(i.FSMC_NORSRAM_Timing_Init)
    HAL_Delay                                0x080005b1   Thumb Code    32  stm32f1xx_hal.o(i.HAL_Delay)
    HAL_GPIO_EXTI_Callback                   0x08000655   Thumb Code    16  main.o(i.HAL_GPIO_EXTI_Callback)
    HAL_GPIO_EXTI_IRQHandler                 0x08000669   Thumb Code    18  stm32f1xx_hal_gpio.o(i.HAL_GPIO_EXTI_IRQHandler)
    HAL_GPIO_Init                            0x08000681   Thumb Code   462  stm32f1xx_hal_gpio.o(i.HAL_GPIO_Init)
    HAL_GPIO_WritePin                        0x08000879   Thumb Code    10  stm32f1xx_hal_gpio.o(i.HAL_GPIO_WritePin)
    HAL_GetTick                              0x08000885   Thumb Code     6  stm32f1xx_hal.o(i.HAL_GetTick)
    HAL_IncTick                              0x08000891   Thumb Code    12  stm32f1xx_hal.o(i.HAL_IncTick)
    HAL_Init                                 0x080008a1   Thumb Code    32  stm32f1xx_hal.o(i.HAL_Init)
    HAL_InitTick                             0x080008c5   Thumb Code    54  stm32f1xx_hal.o(i.HAL_InitTick)
    HAL_MspInit                              0x08000905   Thumb Code    48  stm32f1xx_hal_msp.o(i.HAL_MspInit)
    HAL_NVIC_EnableIRQ                       0x0800093d   Thumb Code    26  stm32f1xx_hal_cortex.o(i.HAL_NVIC_EnableIRQ)
    HAL_NVIC_SetPriority                     0x08000959   Thumb Code    60  stm32f1xx_hal_cortex.o(i.HAL_NVIC_SetPriority)
    HAL_NVIC_SetPriorityGrouping             0x08000999   Thumb Code    26  stm32f1xx_hal_cortex.o(i.HAL_NVIC_SetPriorityGrouping)
    HAL_RCC_ClockConfig                      0x080009bd   Thumb Code   280  stm32f1xx_hal_rcc.o(i.HAL_RCC_ClockConfig)
    HAL_RCC_GetSysClockFreq                  0x08000ae9   Thumb Code    74  stm32f1xx_hal_rcc.o(i.HAL_RCC_GetSysClockFreq)
    HAL_RCC_OscConfig                        0x08000b55   Thumb Code   778  stm32f1xx_hal_rcc.o(i.HAL_RCC_OscConfig)
    HAL_SRAM_Init                            0x08000e75   Thumb Code   100  stm32f1xx_hal_sram.o(i.HAL_SRAM_Init)
    HAL_SRAM_MspInit                         0x08000ed9   Thumb Code     4  fsmc.o(i.HAL_SRAM_MspInit)
    HAL_SYSTICK_Config                       0x08000edd   Thumb Code    40  stm32f1xx_hal_cortex.o(i.HAL_SYSTICK_Config)
    HardFault_Handler                        0x08000f05   Thumb Code     2  stm32f1xx_it.o(i.HardFault_Handler)
    Input                                    0x08000f09   Thumb Code   132  tetris.o(i.Input)
    LCD_Clear                                0x08000f91   Thumb Code    98  lcd_header.o(i.LCD_Clear)
    LCD_Display_Dir                          0x08000ffd   Thumb Code   304  lcd_header.o(i.LCD_Display_Dir)
    LCD_Fast_DrawPoint                       0x08001131   Thumb Code   276  lcd_header.o(i.LCD_Fast_DrawPoint)
    LCD_Fill                                 0x0800124d   Thumb Code   132  lcd_header.o(i.LCD_Fill)
    LCD_GetID                                0x080012d9   Thumb Code   280  tft_lcd_fsmc.o(i.LCD_GetID)
    LCD_Init                                 0x080013f9   Thumb Code 13122  lcd_header.o(i.LCD_Init)
    LCD_RD_DATA                              0x0800473d   Thumb Code    16  tft_lcd_fsmc.o(i.LCD_RD_DATA)
    LCD_ReadReg                              0x08004751   Thumb Code     8  tft_lcd_fsmc.o(i.LCD_ReadReg)
    LCD_SSD_BackLightSet                     0x0800475d   Thumb Code    70  lcd_header.o(i.LCD_SSD_BackLightSet)
    LCD_Scan_Dir                             0x080047a9   Thumb Code   512  lcd_header.o(i.LCD_Scan_Dir)
    LCD_SetCursor                            0x080049ad   Thumb Code   324  lcd_header.o(i.LCD_SetCursor)
    LCD_ShowChar                             0x08004af5   Thumb Code   188  lcd_header.o(i.LCD_ShowChar)
    LCD_ShowString                           0x08004bc9   Thumb Code    84  lcd_header.o(i.LCD_ShowString)
    LCD_WR_DATA                              0x08004c1d   Thumb Code     6  tft_lcd_fsmc.o(i.LCD_WR_DATA)
    LCD_WR_REG                               0x08004c29   Thumb Code     6  tft_lcd_fsmc.o(i.LCD_WR_REG)
    LCD_WriteRAM_Prepare                     0x08004c35   Thumb Code    10  tft_lcd_fsmc.o(i.LCD_WriteRAM_Prepare)
    LCD_WriteReg                             0x08004c49   Thumb Code    10  tft_lcd_fsmc.o(i.LCD_WriteReg)
    MX_FSMC_Init                             0x08004c59   Thumb Code   134  fsmc.o(i.MX_FSMC_Init)
    MX_GPIO_Init                             0x08004ced   Thumb Code   304  gpio.o(i.MX_GPIO_Init)
    MemManage_Handler                        0x08004e35   Thumb Code     2  stm32f1xx_it.o(i.MemManage_Handler)
    NMI_Handler                              0x08004e37   Thumb Code     2  stm32f1xx_it.o(i.NMI_Handler)
    PendSV_Handler                           0x08004e39   Thumb Code     2  stm32f1xx_it.o(i.PendSV_Handler)
    SVC_Handler                              0x08004e3b   Thumb Code     2  stm32f1xx_it.o(i.SVC_Handler)
    SysTick_Handler                          0x08004e3d   Thumb Code     4  stm32f1xx_it.o(i.SysTick_Handler)
    SystemClock_Config                       0x08004e41   Thumb Code    78  main.o(i.SystemClock_Config)
    SystemInit                               0x08004e8f   Thumb Code     2  system_stm32f1xx.o(i.SystemInit)
    UsageFault_Handler                       0x08004e91   Thumb Code     2  stm32f1xx_it.o(i.UsageFault_Handler)
    __scatterload_copy                       0x08004eb3   Thumb Code    14  handlers.o(i.__scatterload_copy)
    __scatterload_null                       0x08004ec1   Thumb Code     2  handlers.o(i.__scatterload_null)
    __scatterload_zeroinit                   0x08004ec3   Thumb Code    14  handlers.o(i.__scatterload_zeroinit)
    checkDeleteLine                          0x08004ed1   Thumb Code   142  tetris.o(i.checkDeleteLine)
    checkGameOver                            0x08004f69   Thumb Code    54  tetris.o(i.checkGameOver)
    checkMove                                0x08004fa9   Thumb Code   124  tetris.o(i.checkMove)
    cleanBlock                               0x0800502d   Thumb Code    64  tetris.o(i.cleanBlock)
    drawBlock                                0x08005075   Thumb Code    56  tetris.o(i.drawBlock)
    gameEnd                                  0x080050b5   Thumb Code    36  tetris.o(i.gameEnd)
    gameSelf                                 0x080050e9   Thumb Code   144  tetris.o(i.gameSelf)
    initalGameArea                           0x0800517d   Thumb Code    86  tetris.o(i.initalGameArea)
    main                                     0x080051e1   Thumb Code    54  main.o(i.main)
    showGame                                 0x08005225   Thumb Code    50  tetris.o(i.showGame)
    turnBlock                                0x0800525d   Thumb Code    88  tetris.o(i.turnBlock)
    AHBPrescTable                            0x080052bc   Data          16  system_stm32f1xx.o(.constdata)
    asc2_1206                                0x080052cc   Data        1140  lcd_header.o(.constdata)
    asc2_1608                                0x08005740   Data        1520  lcd_header.o(.constdata)
    asc2_2412                                0x08005d30   Data        3420  lcd_header.o(.constdata)
    Region$$Table$$Base                      0x08006a8c   Number         0  anon$$obj.o(Region$$Table)
    Region$$Table$$Limit                     0x08006aac   Number         0  anon$$obj.o(Region$$Table)
    isOver                                   0x20000000   Data           4  main.o(.data)
    uwTickFreq                               0x2000000c   Data           1  stm32f1xx_hal.o(.data)
    uwTickPrio                               0x20000010   Data           4  stm32f1xx_hal.o(.data)
    uwTick                                   0x20000014   Data           4  stm32f1xx_hal.o(.data)
    SystemCoreClock                          0x20000018   Data           4  system_stm32f1xx.o(.data)
    delayFunc                                0x2000001c   Data           4  lcd_header.o(.data)
    POINT_COLOR                              0x20000020   Data           2  tft_lcd_fsmc.o(.data)
    BACK_COLOR                               0x20000022   Data           2  tft_lcd_fsmc.o(.data)
    beep_one                                 0x20000040   Data           4  tetris.o(.data)
    BLOCKS                                   0x20000044   Data         448  tetris.o(.data)
    hsram1                                   0x20000208   Data          72  fsmc.o(.bss)
    lcddev                                   0x20000250   Data          14  tft_lcd_fsmc.o(.bss)
    __initial_sp                             0x20002160   Data           0  startup_stm32f103xe.o(STACK)



==============================================================================

Memory Map of the image

  Image Entry point : 0x08000131

  Load Region LR_IROM1 (Base: 0x08000000, Size: 0x00006cb4, Max: 0x00080000, ABSOLUTE, COMPRESSED[0x00006b2c])

    Execution Region ER_IROM1 (Exec base: 0x08000000, Load base: 0x08000000, Size: 0x00006aac, Max: 0x00080000, ABSOLUTE)

    Exec Addr    Load Addr    Size         Type   Attr      Idx    E Section Name        Object

    0x08000000   0x08000000   0x00000130   Data   RO            3    RESET               startup_stm32f103xe.o
    0x08000130   0x08000130   0x00000000   Code   RO         1996  * .ARM.Collect$$$$00000000  mc_w.l(entry.o)
    0x08000130   0x08000130   0x00000004   Code   RO         2012    .ARM.Collect$$$$00000001  mc_w.l(entry2.o)
    0x08000134   0x08000134   0x00000004   Code   RO         2015    .ARM.Collect$$$$00000004  mc_w.l(entry5.o)
    0x08000138   0x08000138   0x00000000   Code   RO         2017    .ARM.Collect$$$$00000008  mc_w.l(entry7b.o)
    0x08000138   0x08000138   0x00000000   Code   RO         2019    .ARM.Collect$$$$0000000A  mc_w.l(entry8b.o)
    0x08000138   0x08000138   0x00000008   Code   RO         2020    .ARM.Collect$$$$0000000B  mc_w.l(entry9a.o)
    0x08000140   0x08000140   0x00000000   Code   RO         2022    .ARM.Collect$$$$0000000D  mc_w.l(entry10a.o)
    0x08000140   0x08000140   0x00000000   Code   RO         2024    .ARM.Collect$$$$0000000F  mc_w.l(entry11a.o)
    0x08000140   0x08000140   0x00000004   Code   RO         2013    .ARM.Collect$$$$00002712  mc_w.l(entry2.o)
    0x08000144   0x08000144   0x00000024   Code   RO            4    .text               startup_stm32f103xe.o
    0x08000168   0x08000168   0x00000020   Code   RO         1999    .text               mc_w.l(llushr.o)
    0x08000188   0x08000188   0x00000024   Code   RO         2001    .text               mc_w.l(rand.o)
    0x080001ac   0x080001ac   0x00000024   Code   RO         2004    .text               mc_w.l(memseta.o)
    0x080001d0   0x080001d0   0x000000e4   Code   RO         2006    .text               mf_w.l(dmul.o)
    0x080002b4   0x080002b4   0x0000001a   Code   RO         2008    .text               mf_w.l(dfltui.o)
    0x080002ce   0x080002ce   0x00000032   Code   RO         2010    .text               mf_w.l(dfixui.o)
    0x08000300   0x08000300   0x00000000   Code   RO         2026    .text               mc_w.l(iusefp.o)
    0x08000300   0x08000300   0x000000ba   Code   RO         2027    .text               mf_w.l(depilogue.o)
    0x080003ba   0x080003ba   0x00000002   PAD
    0x080003bc   0x080003bc   0x00000024   Code   RO         2029    .text               mc_w.l(init.o)
    0x080003e0   0x080003e0   0x0000001e   Code   RO         2031    .text               mc_w.l(llshl.o)
    0x080003fe   0x080003fe   0x00000056   Code   RO         2041    .text               mc_w.l(__dczerorl2.o)
    0x08000454   0x08000454   0x00000028   Code   RO           13    i.BEEP_one          main.o
    0x0800047c   0x0800047c   0x00000002   Code   RO          241    i.BusFault_Handler  stm32f1xx_it.o
    0x0800047e   0x0800047e   0x00000002   Code   RO          242    i.DebugMon_Handler  stm32f1xx_it.o
    0x08000480   0x08000480   0x0000002c   Code   RO         1911    i.DiewBlock         tetris.o
    0x080004ac   0x080004ac   0x00000006   Code   RO          243    i.EXTI0_IRQHandler  stm32f1xx_it.o
    0x080004b2   0x080004b2   0x00000006   Code   RO          244    i.EXTI2_IRQHandler  stm32f1xx_it.o
    0x080004b8   0x080004b8   0x00000006   Code   RO          245    i.EXTI3_IRQHandler  stm32f1xx_it.o
    0x080004be   0x080004be   0x00000006   Code   RO          246    i.EXTI4_IRQHandler  stm32f1xx_it.o
    0x080004c4   0x080004c4   0x00000002   Code   RO           14    i.Error_Handler     main.o
    0x080004c6   0x080004c6   0x00000002   PAD
    0x080004c8   0x080004c8   0x0000003c   Code   RO          408    i.FSMC_NORSRAM_Extended_Timing_Init  stm32f1xx_ll_fsmc.o
    0x08000504   0x08000504   0x00000068   Code   RO          409    i.FSMC_NORSRAM_Init  stm32f1xx_ll_fsmc.o
    0x0800056c   0x0800056c   0x00000044   Code   RO          410    i.FSMC_NORSRAM_Timing_Init  stm32f1xx_ll_fsmc.o
    0x080005b0   0x080005b0   0x00000024   Code   RO          533    i.HAL_Delay         stm32f1xx_hal.o
    0x080005d4   0x080005d4   0x00000080   Code   RO          193    i.HAL_FSMC_MspInit  fsmc.o
    0x08000654   0x08000654   0x00000014   Code   RO           15    i.HAL_GPIO_EXTI_Callback  main.o
    0x08000668   0x08000668   0x00000018   Code   RO          840    i.HAL_GPIO_EXTI_IRQHandler  stm32f1xx_hal_gpio.o
    0x08000680   0x08000680   0x000001f8   Code   RO          841    i.HAL_GPIO_Init     stm32f1xx_hal_gpio.o
    0x08000878   0x08000878   0x0000000a   Code   RO          845    i.HAL_GPIO_WritePin  stm32f1xx_hal_gpio.o
    0x08000882   0x08000882   0x00000002   PAD
    0x08000884   0x08000884   0x0000000c   Code   RO          537    i.HAL_GetTick       stm32f1xx_hal.o
    0x08000890   0x08000890   0x00000010   Code   RO          543    i.HAL_IncTick       stm32f1xx_hal.o
    0x080008a0   0x080008a0   0x00000024   Code   RO          544    i.HAL_Init          stm32f1xx_hal.o
    0x080008c4   0x080008c4   0x00000040   Code   RO          545    i.HAL_InitTick      stm32f1xx_hal.o
    0x08000904   0x08000904   0x00000038   Code   RO          340    i.HAL_MspInit       stm32f1xx_hal_msp.o
    0x0800093c   0x0800093c   0x0000001a   Code   RO         1001    i.HAL_NVIC_EnableIRQ  stm32f1xx_hal_cortex.o
    0x08000956   0x08000956   0x00000002   PAD
    0x08000958   0x08000958   0x00000040   Code   RO         1007    i.HAL_NVIC_SetPriority  stm32f1xx_hal_cortex.o
    0x08000998   0x08000998   0x00000024   Code   RO         1008    i.HAL_NVIC_SetPriorityGrouping  stm32f1xx_hal_cortex.o
    0x080009bc   0x080009bc   0x0000012c   Code   RO          701    i.HAL_RCC_ClockConfig  stm32f1xx_hal_rcc.o
    0x08000ae8   0x08000ae8   0x0000006c   Code   RO          710    i.HAL_RCC_GetSysClockFreq  stm32f1xx_hal_rcc.o
    0x08000b54   0x08000b54   0x00000320   Code   RO          713    i.HAL_RCC_OscConfig  stm32f1xx_hal_rcc.o
    0x08000e74   0x08000e74   0x00000064   Code   RO         1505    i.HAL_SRAM_Init     stm32f1xx_hal_sram.o
    0x08000ed8   0x08000ed8   0x00000004   Code   RO          195    i.HAL_SRAM_MspInit  fsmc.o
    0x08000edc   0x08000edc   0x00000028   Code   RO         1012    i.HAL_SYSTICK_Config  stm32f1xx_hal_cortex.o
    0x08000f04   0x08000f04   0x00000002   Code   RO          247    i.HardFault_Handler  stm32f1xx_it.o
    0x08000f06   0x08000f06   0x00000002   PAD
    0x08000f08   0x08000f08   0x00000088   Code   RO         1912    i.Input             tetris.o
    0x08000f90   0x08000f90   0x0000006c   Code   RO         1707    i.LCD_Clear         lcd_header.o
    0x08000ffc   0x08000ffc   0x00000134   Code   RO         1709    i.LCD_Display_Dir   lcd_header.o
    0x08001130   0x08001130   0x0000011c   Code   RO         1714    i.LCD_Fast_DrawPoint  lcd_header.o
    0x0800124c   0x0800124c   0x0000008c   Code   RO         1715    i.LCD_Fill          lcd_header.o
    0x080012d8   0x080012d8   0x00000120   Code   RO         1840    i.LCD_GetID         tft_lcd_fsmc.o
    0x080013f8   0x080013f8   0x00003342   Code   RO         1716    i.LCD_Init          lcd_header.o
    0x0800473a   0x0800473a   0x00000002   PAD
    0x0800473c   0x0800473c   0x00000014   Code   RO         1841    i.LCD_RD_DATA       tft_lcd_fsmc.o
    0x08004750   0x08004750   0x0000000c   Code   RO         1842    i.LCD_ReadReg       tft_lcd_fsmc.o
    0x0800475c   0x0800475c   0x0000004c   Code   RO         1719    i.LCD_SSD_BackLightSet  lcd_header.o
    0x080047a8   0x080047a8   0x00000204   Code   RO         1720    i.LCD_Scan_Dir      lcd_header.o
    0x080049ac   0x080049ac   0x00000148   Code   RO         1721    i.LCD_SetCursor     lcd_header.o
    0x08004af4   0x08004af4   0x000000d4   Code   RO         1723    i.LCD_ShowChar      lcd_header.o
    0x08004bc8   0x08004bc8   0x00000054   Code   RO         1725    i.LCD_ShowString    lcd_header.o
    0x08004c1c   0x08004c1c   0x0000000c   Code   RO         1843    i.LCD_WR_DATA       tft_lcd_fsmc.o
    0x08004c28   0x08004c28   0x0000000c   Code   RO         1844    i.LCD_WR_REG        tft_lcd_fsmc.o
    0x08004c34   0x08004c34   0x00000014   Code   RO         1846    i.LCD_WriteRAM_Prepare  tft_lcd_fsmc.o
    0x08004c48   0x08004c48   0x00000010   Code   RO         1847    i.LCD_WriteReg      tft_lcd_fsmc.o
    0x08004c58   0x08004c58   0x00000094   Code   RO          196    i.MX_FSMC_Init      fsmc.o
    0x08004cec   0x08004cec   0x00000148   Code   RO          169    i.MX_GPIO_Init      gpio.o
    0x08004e34   0x08004e34   0x00000002   Code   RO          248    i.MemManage_Handler  stm32f1xx_it.o
    0x08004e36   0x08004e36   0x00000002   Code   RO          249    i.NMI_Handler       stm32f1xx_it.o
    0x08004e38   0x08004e38   0x00000002   Code   RO          250    i.PendSV_Handler    stm32f1xx_it.o
    0x08004e3a   0x08004e3a   0x00000002   Code   RO          251    i.SVC_Handler       stm32f1xx_it.o
    0x08004e3c   0x08004e3c   0x00000004   Code   RO          252    i.SysTick_Handler   stm32f1xx_it.o
    0x08004e40   0x08004e40   0x0000004e   Code   RO           16    i.SystemClock_Config  main.o
    0x08004e8e   0x08004e8e   0x00000002   Code   RO         1673    i.SystemInit        system_stm32f1xx.o
    0x08004e90   0x08004e90   0x00000002   Code   RO          253    i.UsageFault_Handler  stm32f1xx_it.o
    0x08004e92   0x08004e92   0x00000020   Code   RO         1014    i.__NVIC_SetPriority  stm32f1xx_hal_cortex.o
    0x08004eb2   0x08004eb2   0x0000000e   Code   RO         2035    i.__scatterload_copy  mc_w.l(handlers.o)
    0x08004ec0   0x08004ec0   0x00000002   Code   RO         2036    i.__scatterload_null  mc_w.l(handlers.o)
    0x08004ec2   0x08004ec2   0x0000000e   Code   RO         2037    i.__scatterload_zeroinit  mc_w.l(handlers.o)
    0x08004ed0   0x08004ed0   0x00000098   Code   RO         1913    i.checkDeleteLine   tetris.o
    0x08004f68   0x08004f68   0x00000040   Code   RO         1914    i.checkGameOver     tetris.o
    0x08004fa8   0x08004fa8   0x00000084   Code   RO         1915    i.checkMove         tetris.o
    0x0800502c   0x0800502c   0x00000048   Code   RO         1916    i.cleanBlock        tetris.o
    0x08005074   0x08005074   0x00000040   Code   RO         1917    i.drawBlock         tetris.o
    0x080050b4   0x080050b4   0x00000034   Code   RO         1918    i.gameEnd           tetris.o
    0x080050e8   0x080050e8   0x00000094   Code   RO         1919    i.gameSelf          tetris.o
    0x0800517c   0x0800517c   0x00000064   Code   RO         1920    i.initalGameArea    tetris.o
    0x080051e0   0x080051e0   0x00000044   Code   RO           17    i.main              main.o
    0x08005224   0x08005224   0x00000038   Code   RO         1921    i.showGame          tetris.o
    0x0800525c   0x0800525c   0x00000060   Code   RO         1922    i.turnBlock         tetris.o
    0x080052bc   0x080052bc   0x00000010   Data   RO         1674    .constdata          system_stm32f1xx.o
    0x080052cc   0x080052cc   0x000017c0   Data   RO         1727    .constdata          lcd_header.o
    0x08006a8c   0x08006a8c   0x00000020   Data   RO         2033    Region$$Table       anon$$obj.o


    Execution Region RW_IRAM1 (Exec base: 0x20000000, Load base: 0x08006aac, Size: 0x00002160, Max: 0x00010000, ABSOLUTE, COMPRESSED[0x00000080])

    Exec Addr    Load Addr    Size         Type   Attr      Idx    E Section Name        Object

    0x20000000   COMPRESSED   0x00000004   Data   RW           18    .data               main.o
    0x20000004   COMPRESSED   0x00000008   Data   RW          198    .data               fsmc.o
    0x2000000c   COMPRESSED   0x0000000c   Data   RW          551    .data               stm32f1xx_hal.o
    0x20000018   COMPRESSED   0x00000004   Data   RW         1676    .data               system_stm32f1xx.o
    0x2000001c   COMPRESSED   0x00000004   Data   RW         1728    .data               lcd_header.o
    0x20000020   COMPRESSED   0x00000002   Data   RW         1850    .data               tft_lcd_fsmc.o
    0x20000022   COMPRESSED   0x00000002   Data   RW         1851    .data               tft_lcd_fsmc.o
    0x20000024   COMPRESSED   0x000001e0   Data   RW         1924    .data               tetris.o
    0x20000204   COMPRESSED   0x00000004   Data   RW         2002    .data               mc_w.l(rand.o)
    0x20000208        -       0x00000048   Zero   RW          197    .bss                fsmc.o
    0x20000250        -       0x0000000e   Zero   RW         1849    .bss                tft_lcd_fsmc.o
    0x2000025e        -       0x00000f00   Zero   RW         1923    .bss                tetris.o
    0x2000115e   COMPRESSED   0x00000002   PAD
    0x20001160        -       0x00001000   Zero   RW            1    STACK               startup_stm32f103xe.o


==============================================================================

Image component sizes


      Code (inc. data)   RO Data    RW Data    ZI Data      Debug   Object Name

       280         36          0          8         72       2023   fsmc.o
       328         24          0          0          0        995   gpio.o
     15178        100       6080          4          0      16137   lcd_header.o
       208         22          0          4          0     457833   main.o
        36          8        304          0       4096        768   startup_stm32f103xe.o
       164         28          0         12          0       6221   stm32f1xx_hal.o
       198         14          0          0          0      28731   stm32f1xx_hal_cortex.o
       538         48          0          0          0       3359   stm32f1xx_hal_gpio.o
        56          8          0          0          0        794   stm32f1xx_hal_msp.o
      1208         76          0          0          0       3918   stm32f1xx_hal_rcc.o
       100          0          0          0          0       1132   stm32f1xx_hal_sram.o
        44          0          0          0          0       5122   stm32f1xx_it.o
       232         14          0          0          0       3711   stm32f1xx_ll_fsmc.o
         2          0         16          4          0       1011   system_stm32f1xx.o
      1116         96          0        480       3840       7810   tetris.o
       380         44          0          4         14       5277   tft_lcd_fsmc.o

    ----------------------------------------------------------------------
     20078        518       6432        516       8024     544842   Object Totals
         0          0         32          0          0          0   (incl. Generated)
        10          0          0          0          2          0   (incl. Padding)

    ----------------------------------------------------------------------

      Code (inc. data)   RO Data    RW Data    ZI Data      Debug   Library Member Name

        86          0          0          0          0          0   __dczerorl2.o
         0          0          0          0          0          0   entry.o
         0          0          0          0          0          0   entry10a.o
         0          0          0          0          0          0   entry11a.o
         8          4          0          0          0          0   entry2.o
         4          0          0          0          0          0   entry5.o
         0          0          0          0          0          0   entry7b.o
         0          0          0          0          0          0   entry8b.o
         8          4          0          0          0          0   entry9a.o
        30          0          0          0          0          0   handlers.o
        36          8          0          0          0         68   init.o
         0          0          0          0          0          0   iusefp.o
        30          0          0          0          0         68   llshl.o
        32          0          0          0          0         68   llushr.o
        36          0          0          0          0        108   memseta.o
        36         10          0          4          0        136   rand.o
       186          0          0          0          0        176   depilogue.o
        50          0          0          0          0         76   dfixui.o
        26          0          0          0          0         76   dfltui.o
       228          0          0          0          0         96   dmul.o

    ----------------------------------------------------------------------
       798         26          0          4          0        872   Library Totals
         2          0          0          0          0          0   (incl. Padding)

    ----------------------------------------------------------------------

      Code (inc. data)   RO Data    RW Data    ZI Data      Debug   Library Name

       306         26          0          4          0        448   mc_w.l
       490          0          0          0          0        424   mf_w.l

    ----------------------------------------------------------------------
       798         26          0          4          0        872   Library Totals

    ----------------------------------------------------------------------

==============================================================================


      Code (inc. data)   RO Data    RW Data    ZI Data      Debug   

     20876        544       6432        520       8024     542046   Grand Totals
     20876        544       6432        128       8024     542046   ELF Image Totals (compressed)
     20876        544       6432        128          0          0   ROM Totals

==============================================================================

    Total RO  Size (Code + RO Data)                27308 (  26.67kB)
    Total RW  Size (RW Data + ZI Data)              8544 (   8.34kB)
    Total ROM Size (Code + RO Data + RW Data)      27436 (  26.79kB)

==============================================================================

